Archive member included because of file (symbol)

c:/program files (x86)/emblocks/2.30/share/em_armgcc/bin/../lib/gcc/arm-none-eabi/4.7.3/../../../../arm-none-eabi/lib/armv7-m\libc_n.a(lib_a-exit.o)
                              c:/program files (x86)/emblocks/2.30/share/em_armgcc/bin/../lib/gcc/arm-none-eabi/4.7.3/../../../../arm-none-eabi/lib/armv7-m/crt0.o (exit)
c:/program files (x86)/emblocks/2.30/share/em_armgcc/bin/../lib/gcc/arm-none-eabi/4.7.3/../../../../arm-none-eabi/lib/armv7-m\libc_n.a(lib_a-impure.o)
                              c:/program files (x86)/emblocks/2.30/share/em_armgcc/bin/../lib/gcc/arm-none-eabi/4.7.3/../../../../arm-none-eabi/lib/armv7-m\libc_n.a(lib_a-exit.o) (_global_impure_ptr)
c:/program files (x86)/emblocks/2.30/share/em_armgcc/bin/../lib/gcc/arm-none-eabi/4.7.3/../../../../arm-none-eabi/lib/armv7-m\libc_n.a(lib_a-init.o)
                              c:/program files (x86)/emblocks/2.30/share/em_armgcc/bin/../lib/gcc/arm-none-eabi/4.7.3/../../../../arm-none-eabi/lib/armv7-m/crt0.o (__libc_init_array)
c:/program files (x86)/emblocks/2.30/share/em_armgcc/bin/../lib/gcc/arm-none-eabi/4.7.3/../../../../arm-none-eabi/lib/armv7-m\libc_n.a(lib_a-memcmp.o)
                              obj\debug\freertos\source\tasks.o (memcmp)
c:/program files (x86)/emblocks/2.30/share/em_armgcc/bin/../lib/gcc/arm-none-eabi/4.7.3/../../../../arm-none-eabi/lib/armv7-m\libc_n.a(lib_a-memcpy-stub.o)
                              obj\debug\freertos\source\queue.o (memcpy)
c:/program files (x86)/emblocks/2.30/share/em_armgcc/bin/../lib/gcc/arm-none-eabi/4.7.3/../../../../arm-none-eabi/lib/armv7-m\libc_n.a(lib_a-memset.o)
                              c:/program files (x86)/emblocks/2.30/share/em_armgcc/bin/../lib/gcc/arm-none-eabi/4.7.3/../../../../arm-none-eabi/lib/armv7-m/crt0.o (memset)
c:/program files (x86)/emblocks/2.30/share/em_armgcc/bin/../lib/gcc/arm-none-eabi/4.7.3/../../../../arm-none-eabi/lib/armv7-m\libc_n.a(lib_a-printf.o)
                              obj\debug\src\ili_lcd_general.o (printf)
c:/program files (x86)/emblocks/2.30/share/em_armgcc/bin/../lib/gcc/arm-none-eabi/4.7.3/../../../../arm-none-eabi/lib/armv7-m\libc_n.a(lib_a-puts.o)
                              obj\debug\src\ili_lcd_general.o (puts)
c:/program files (x86)/emblocks/2.30/share/em_armgcc/bin/../lib/gcc/arm-none-eabi/4.7.3/../../../../arm-none-eabi/lib/armv7-m\libc_n.a(lib_a-sprintf.o)
                              obj\debug\freertos\source\tasks.o (sprintf)
c:/program files (x86)/emblocks/2.30/share/em_armgcc/bin/../lib/gcc/arm-none-eabi/4.7.3/../../../../arm-none-eabi/lib/armv7-m\libc_n.a(lib_a-strcat.o)
                              obj\debug\freertos\source\tasks.o (strcat)
c:/program files (x86)/emblocks/2.30/share/em_armgcc/bin/../lib/gcc/arm-none-eabi/4.7.3/../../../../arm-none-eabi/lib/armv7-m\libc_n.a(lib_a-strcmp.o)
                              obj\debug\src\menu.o (strcmp)
c:/program files (x86)/emblocks/2.30/share/em_armgcc/bin/../lib/gcc/arm-none-eabi/4.7.3/../../../../arm-none-eabi/lib/armv7-m\libc_n.a(lib_a-strlen.o)
                              obj\debug\freertos\source\tasks.o (strlen)
c:/program files (x86)/emblocks/2.30/share/em_armgcc/bin/../lib/gcc/arm-none-eabi/4.7.3/../../../../arm-none-eabi/lib/armv7-m\libc_n.a(lib_a-strncpy.o)
                              obj\debug\freertos\source\tasks.o (strncpy)
c:/program files (x86)/emblocks/2.30/share/em_armgcc/bin/../lib/gcc/arm-none-eabi/4.7.3/../../../../arm-none-eabi/lib/armv7-m\libc_n.a(lib_a-svfprintf.o)
                              c:/program files (x86)/emblocks/2.30/share/em_armgcc/bin/../lib/gcc/arm-none-eabi/4.7.3/../../../../arm-none-eabi/lib/armv7-m\libc_n.a(lib_a-sprintf.o) (_svfprintf_r)
c:/program files (x86)/emblocks/2.30/share/em_armgcc/bin/../lib/gcc/arm-none-eabi/4.7.3/../../../../arm-none-eabi/lib/armv7-m\libc_n.a(lib_a-vfprintf.o)
                              c:/program files (x86)/emblocks/2.30/share/em_armgcc/bin/../lib/gcc/arm-none-eabi/4.7.3/../../../../arm-none-eabi/lib/armv7-m\libc_n.a(lib_a-printf.o) (_vfprintf_r)
c:/program files (x86)/emblocks/2.30/share/em_armgcc/bin/../lib/gcc/arm-none-eabi/4.7.3/../../../../arm-none-eabi/lib/armv7-m\libc_n.a(lib_a-vfprintf_i.o)
                              c:/program files (x86)/emblocks/2.30/share/em_armgcc/bin/../lib/gcc/arm-none-eabi/4.7.3/../../../../arm-none-eabi/lib/armv7-m\libc_n.a(lib_a-svfprintf.o) (_printf_i)
c:/program files (x86)/emblocks/2.30/share/em_armgcc/bin/../lib/gcc/arm-none-eabi/4.7.3/../../../../arm-none-eabi/lib/armv7-m\libc_n.a(lib_a-vsnprintf.o)
                              obj\debug\src\lcd_api.o (vsnprintf)
c:/program files (x86)/emblocks/2.30/share/em_armgcc/bin/../lib/gcc/arm-none-eabi/4.7.3/../../../../arm-none-eabi/lib/armv7-m\libc_n.a(lib_a-wbuf.o)
                              c:/program files (x86)/emblocks/2.30/share/em_armgcc/bin/../lib/gcc/arm-none-eabi/4.7.3/../../../../arm-none-eabi/lib/armv7-m\libc_n.a(lib_a-puts.o) (__swbuf_r)
[...]
Memory Configuration

Name             Origin             Length             Attributes
ROM              0x08000000         0x00080000         xr
RAM              0x20000000         0x00010000         xrw
*default*        0x00000000         0xffffffff

Linker script and memory map

LOAD c:/program files (x86)/emblocks/2.30/share/em_armgcc/bin/../lib/gcc/arm-none-eabi/4.7.3/armv7-m/crti.o
LOAD c:/program files (x86)/emblocks/2.30/share/em_armgcc/bin/../lib/gcc/arm-none-eabi/4.7.3/armv7-m/crtbegin.o
LOAD c:/program files (x86)/emblocks/2.30/share/em_armgcc/bin/../lib/gcc/arm-none-eabi/4.7.3/../../../../arm-none-eabi/lib/armv7-m/crt0.o
                0x00000000                __HEAP_SIZE = 0x0
                0x00000100                __STACK_SIZE = 0x100

.text           0x08000000     0x7524
 *(.isr_vector)
 .isr_vector    0x08000000      0x130 obj\debug\src\startup_stm32f10x_hd.o
                0x08000000                __isr_vector
 *(.text*)
 .text          0x08000130       0x54 c:/program files (x86)/emblocks/2.30/share/em_armgcc/bin/../lib/gcc/arm-none-eabi/4.7.3/armv7-m/crtbegin.o
 .text          0x08000184       0x74 c:/program files (x86)/emblocks/2.30/share/em_armgcc/bin/../lib/gcc/arm-none-eabi/4.7.3/../../../../arm-none-eabi/lib/armv7-m/crt0.o
                0x08000184                _start
                0x08000184                _mainCRTStartup
 .text.vListInitialise
                0x080001f8       0x40 obj\debug\freertos\source\list.o
                0x080001f8                vListInitialise
 .text.vListInitialiseItem
                0x08000238       0x1c obj\debug\freertos\source\list.o
                0x08000238                vListInitialiseItem
 .text.vListInsertEnd
                0x08000254       0x50 obj\debug\freertos\source\list.o
                0x08000254                vListInsertEnd
 .text.vListInsert
                0x080002a4       0x74 obj\debug\freertos\source\list.o
                0x080002a4                vListInsert
 .text.vListRemove
                0x08000318       0x54 obj\debug\freertos\source\list.o
                0x08000318                vListRemove
 .text.pxPortInitialiseStack
                0x0800036c       0x60 obj\debug\freertos\source\portable\gcc\arm_cm3\port.o
                0x0800036c                pxPortInitialiseStack
 .text.SVC_Handler
                0x080003cc       0x20 obj\debug\freertos\source\portable\gcc\arm_cm3\port.o
                0x080003cc                SVC_Handler
 .text.vPortYieldFromISR
                0x080003ec       0x18 obj\debug\freertos\source\portable\gcc\arm_cm3\port.o
                0x080003ec                vPortYieldFromISR
 .text.vPortEnterCritical
                0x08000404       0x2c obj\debug\freertos\source\portable\gcc\arm_cm3\port.o
                0x08000404                vPortEnterCritical
 .text.vPortExitCritical
                0x08000430       0x38 obj\debug\freertos\source\portable\gcc\arm_cm3\port.o
                0x08000430                vPortExitCritical
 .text.PendSV_Handler
                0x08000468       0x3c obj\debug\freertos\source\portable\gcc\arm_cm3\port.o
                0x08000468                PendSV_Handler
 .text.SysTick_Handler
                0x080004a4       0x38 obj\debug\freertos\source\portable\gcc\arm_cm3\port.o
                0x080004a4                SysTick_Handler
 .text.pvPortMalloc
                0x080004dc      0x1bc obj\debug\freertos\source\portable\memmang\heap_2.o
                0x080004dc                pvPortMalloc
 .text.vPortFree
                0x08000698       0x88 obj\debug\freertos\source\portable\memmang\heap_2.o
                0x08000698                vPortFree
 .text.xQueueGenericSend
                0x08000720      0x120 obj\debug\freertos\source\queue.o
                0x08000720                xQueueGenericSend
 .text.xQueueGenericReceive
                0x08000840      0x188 obj\debug\freertos\source\queue.o
                0x08000840                xQueueGenericReceive
 .text.prvCopyDataToQueue
                0x080009c8       0xc4 obj\debug\freertos\source\queue.o
 .text.prvCopyDataFromQueue
                0x08000a8c       0x50 obj\debug\freertos\source\queue.o
 .text.prvUnlockQueue
                0x08000adc       0xa0 obj\debug\freertos\source\queue.o
 .text.prvIsQueueEmpty
                0x08000b7c       0x2c obj\debug\freertos\source\queue.o
 .text.prvIsQueueFull
                0x08000ba8       0x30 obj\debug\freertos\source\queue.o
 .text.xTaskGenericCreate
                0x08000bd8      0x1a8 obj\debug\freertos\source\tasks.o
                0x08000bd8                xTaskGenericCreate
 .text.vTaskDelay
                0x08000d80       0xb4 obj\debug\freertos\source\tasks.o
                0x08000d80                vTaskDelay
 .text.vTaskSuspendAll
                0x08000e34       0x24 obj\debug\freertos\source\tasks.o
                0x08000e34                vTaskSuspendAll
 .text.xTaskResumeAll
                0x08000e58      0x160 obj\debug\freertos\source\tasks.o
                0x08000e58                xTaskResumeAll
 .text.xTaskGetTickCount
                0x08000fb8       0x28 obj\debug\freertos\source\tasks.o
                0x08000fb8                xTaskGetTickCount
 .text.vTaskIncrementTick
                0x08000fe0      0x138 obj\debug\freertos\source\tasks.o
                0x08000fe0                vTaskIncrementTick
 .text.vTaskSwitchContext
                0x08001118      0x20c obj\debug\freertos\source\tasks.o
                0x08001118                vTaskSwitchContext
 .text.vTaskPlaceOnEventList
                0x08001324       0xd4 obj\debug\freertos\source\tasks.o
                0x08001324                vTaskPlaceOnEventList
 .text.xTaskRemoveFromEventList
                0x080013f8       0xd0 obj\debug\freertos\source\tasks.o
                0x080013f8                xTaskRemoveFromEventList
 .text.vTaskSetTimeOutState
                0x080014c8       0x30 obj\debug\freertos\source\tasks.o
                0x080014c8                vTaskSetTimeOutState
 .text.xTaskCheckForTimeOut
                0x080014f8       0xa4 obj\debug\freertos\source\tasks.o
                0x080014f8                xTaskCheckForTimeOut
 .text.vTaskMissedYield
                0x0800159c       0x18 obj\debug\freertos\source\tasks.o
                0x0800159c                vTaskMissedYield
 .text.prvInitialiseTCBVariables
                0x080015b4       0x78 obj\debug\freertos\source\tasks.o
 .text.prvInitialiseTaskLists
                0x0800162c       0xa4 obj\debug\freertos\source\tasks.o
 .text.prvAllocateTCBAndStack
                0x080016d0       0x68 obj\debug\freertos\source\tasks.o
 .text.xTaskGetCurrentTaskHandle
                0x08001738       0x20 obj\debug\freertos\source\tasks.o
                0x08001738                xTaskGetCurrentTaskHandle
 .text.vTaskPriorityInherit
                0x08001758       0xd4 obj\debug\freertos\source\tasks.o
                0x08001758                vTaskPriorityInherit
 .text.vTaskPriorityDisinherit
                0x0800182c       0x90 obj\debug\freertos\source\tasks.o
                0x0800182c                vTaskPriorityDisinherit
 .text.NVIC_PriorityGroupConfig
                0x080018bc       0x28 obj\debug\spl\src\misc.o
                0x080018bc                NVIC_PriorityGroupConfig
 .text.NVIC_Init
                0x080018e4       0xe8 obj\debug\spl\src\misc.o
                0x080018e4                NVIC_Init
 .text.NVIC_SetVectorTable
                0x080019cc       0x2c obj\debug\spl\src\misc.o
                0x080019cc                NVIC_SetVectorTable
 .text.SysTick_CLKSourceConfig
                0x080019f8       0x4c obj\debug\spl\src\misc.o
                0x080019f8                SysTick_CLKSourceConfig
 .text.EXTI_Init
                0x08001a44      0x138 obj\debug\spl\src\stm32f10x_exti.o
                0x08001a44                EXTI_Init
 .text.EXTI_ClearITPendingBit
                0x08001b7c       0x20 obj\debug\spl\src\stm32f10x_exti.o
                0x08001b7c                EXTI_ClearITPendingBit
 .text.FSMC_NORSRAMInit
                0x08001b9c      0x150 obj\debug\spl\src\stm32f10x_fsmc.o
                0x08001b9c                FSMC_NORSRAMInit
 .text.FSMC_NORSRAMCmd
                0x08001cec       0x54 obj\debug\spl\src\stm32f10x_fsmc.o
                0x08001cec                FSMC_NORSRAMCmd
 .text.GPIO_Init
                0x08001d40      0x1b0 obj\debug\spl\src\stm32f10x_gpio.o
                0x08001d40                GPIO_Init
 .text.GPIO_ReadInputDataBit
                0x08001ef0       0x3c obj\debug\spl\src\stm32f10x_gpio.o
                0x08001ef0                GPIO_ReadInputDataBit
 .text.GPIO_SetBits
                0x08001f2c       0x1c obj\debug\spl\src\stm32f10x_gpio.o
                0x08001f2c                GPIO_SetBits
 .text.GPIO_ResetBits
                0x08001f48       0x1c obj\debug\spl\src\stm32f10x_gpio.o
                0x08001f48                GPIO_ResetBits
 .text.GPIO_WriteBit
                0x08001f64       0x30 obj\debug\spl\src\stm32f10x_gpio.o
                0x08001f64                GPIO_WriteBit
 .text.GPIO_EXTILineConfig
                0x08001f94       0xb0 obj\debug\spl\src\stm32f10x_gpio.o
                0x08001f94                GPIO_EXTILineConfig
 .text.RCC_DeInit
                0x08002044       0x9c obj\debug\spl\src\stm32f10x_rcc.o
                0x08002044                RCC_DeInit
 .text.RCC_HSEConfig
                0x080020e0       0x88 obj\debug\spl\src\stm32f10x_rcc.o
                0x080020e0                RCC_HSEConfig
 .text.RCC_PLLConfig
                0x08002168       0x48 obj\debug\spl\src\stm32f10x_rcc.o
                0x08002168                RCC_PLLConfig
 .text.RCC_PLLCmd
                0x080021b0       0x20 obj\debug\spl\src\stm32f10x_rcc.o
                0x080021b0                RCC_PLLCmd
 .text.RCC_SYSCLKConfig
                0x080021d0       0x40 obj\debug\spl\src\stm32f10x_rcc.o
                0x080021d0                RCC_SYSCLKConfig
 .text.RCC_GetSYSCLKSource
                0x08002210       0x20 obj\debug\spl\src\stm32f10x_rcc.o
                0x08002210                RCC_GetSYSCLKSource
 .text.RCC_HCLKConfig
                0x08002230       0x40 obj\debug\spl\src\stm32f10x_rcc.o
                0x08002230                RCC_HCLKConfig
 .text.RCC_PCLK1Config
                0x08002270       0x40 obj\debug\spl\src\stm32f10x_rcc.o
                0x08002270                RCC_PCLK1Config
 .text.RCC_PCLK2Config
                0x080022b0       0x44 obj\debug\spl\src\stm32f10x_rcc.o
                0x080022b0                RCC_PCLK2Config
 .text.RCC_GetClocksFreq
                0x080022f4      0x1d4 obj\debug\spl\src\stm32f10x_rcc.o
                0x080022f4                RCC_GetClocksFreq
 .text.RCC_AHBPeriphClockCmd
                0x080024c8       0x54 obj\debug\spl\src\stm32f10x_rcc.o
                0x080024c8                RCC_AHBPeriphClockCmd
 .text.RCC_APB2PeriphClockCmd
                0x0800251c       0x54 obj\debug\spl\src\stm32f10x_rcc.o
                0x0800251c                RCC_APB2PeriphClockCmd
 .text.RCC_APB1PeriphClockCmd
                0x08002570       0x54 obj\debug\spl\src\stm32f10x_rcc.o
                0x08002570                RCC_APB1PeriphClockCmd
 .text.RCC_APB2PeriphResetCmd
                0x080025c4       0x54 obj\debug\spl\src\stm32f10x_rcc.o
                0x080025c4                RCC_APB2PeriphResetCmd
 .text.RCC_APB1PeriphResetCmd
                0x08002618       0x54 obj\debug\spl\src\stm32f10x_rcc.o
                0x08002618                RCC_APB1PeriphResetCmd
 .text.RCC_GetFlagStatus
                0x0800266c       0x90 obj\debug\spl\src\stm32f10x_rcc.o
                0x0800266c                RCC_GetFlagStatus
 .text.SPI_I2S_DeInit
                0x080026fc       0x88 obj\debug\spl\src\stm32f10x_spi.o
                0x080026fc                SPI_I2S_DeInit
 .text.SPI_Init
                0x08002784       0x88 obj\debug\spl\src\stm32f10x_spi.o
                0x08002784                SPI_Init
 .text.SPI_Cmd  0x0800280c       0x40 obj\debug\spl\src\stm32f10x_spi.o
                0x0800280c                SPI_Cmd
 .text.SPI_I2S_SendData
                0x0800284c       0x1c obj\debug\spl\src\stm32f10x_spi.o
                0x0800284c                SPI_I2S_SendData
 .text.SPI_I2S_ReceiveData
                0x08002868       0x1c obj\debug\spl\src\stm32f10x_spi.o
                0x08002868                SPI_I2S_ReceiveData
 .text.SPI_CalculateCRC
                0x08002884       0x40 obj\debug\spl\src\stm32f10x_spi.o
                0x08002884                SPI_CalculateCRC
 .text.SPI_I2S_GetFlagStatus
                0x080028c4       0x40 obj\debug\spl\src\stm32f10x_spi.o
                0x080028c4                SPI_I2S_GetFlagStatus
 .text.USART_Init
                0x08002904      0x1ac obj\debug\spl\src\stm32f10x_usart.o
                0x08002904                USART_Init
 .text.USART_Cmd
                0x08002ab0       0x40 obj\debug\spl\src\stm32f10x_usart.o
                0x08002ab0                USART_Cmd
 .text.fsmc_init
                0x08002af0      0x160 obj\debug\src\fsmc.o
                0x08002af0                fsmc_init
 .text.LCD_FSMCConfig
                0x08002c50       0x9c obj\debug\src\ili_lcd_general.o
 .text.delay    0x08002cec       0x48 obj\debug\src\ili_lcd_general.o
 .text.lcd_port_init
                0x08002d34        0xc obj\debug\src\ili_lcd_general.o
 .text.write_cmd
                0x08002d40       0x1c obj\debug\src\ili_lcd_general.o
 .text.read_data
                0x08002d5c       0x18 obj\debug\src\ili_lcd_general.o
 .text.rw_data_prepare
                0x08002d74       0x10 obj\debug\src\ili_lcd_general.o
                0x08002d74                rw_data_prepare
 .text.write_data
                0x08002d84       0x20 obj\debug\src\ili_lcd_general.o
                0x08002d84                write_data
 .text.write_reg
                0x08002da4       0x28 obj\debug\src\ili_lcd_general.o
 .text.read_reg
                0x08002dcc       0x30 obj\debug\src\ili_lcd_general.o
 .text.lcd_getdeviceid
                0x08002dfc       0x18 obj\debug\src\ili_lcd_general.o
                0x08002dfc                lcd_getdeviceid
 .text.BGR2RGB  0x08002e14       0x50 obj\debug\src\ili_lcd_general.o
                0x08002e14                BGR2RGB
 .text.lcd_SetCursor
                0x08002e64       0x5c obj\debug\src\ili_lcd_general.o
                0x08002e64                lcd_SetCursor
 .text.lcd_read_gram
                0x08002ec0       0x34 obj\debug\src\ili_lcd_general.o
                0x08002ec0                lcd_read_gram
 .text.lcd_data_bus_test
                0x08002ef4      0x148 obj\debug\src\ili_lcd_general.o
                0x08002ef4                lcd_data_bus_test
 .text.lcd_gram_test
                0x0800303c      0x1c0 obj\debug\src\ili_lcd_general.o
                0x0800303c                lcd_gram_test
 .text.lcd_Initializtion
                0x080031fc      0xc20 obj\debug\src\ili_lcd_general.o
                0x080031fc                lcd_Initializtion
 .text.LCD_write_english
                0x08003e1c       0xac obj\debug\src\lcd_api.o
                0x08003e1c                LCD_write_english
 .text.LCD_write_english_string
                0x08003ec8       0x4c obj\debug\src\lcd_api.o
                0x08003ec8                LCD_write_english_string
 .text.lcd_lock
                0x08003f14       0x48 obj\debug\src\lcd_api.o
                0x08003f14                lcd_lock
 .text.lcd_release
                0x08003f5c       0x30 obj\debug\src\lcd_api.o
                0x08003f5c                lcd_release
 .text.lcd_text_xy
                0x08003f8c       0xb0 obj\debug\src\lcd_api.o
                0x08003f8c                lcd_text_xy
 .text.lcd_text
                0x0800403c       0x48 obj\debug\src\lcd_api.o
                0x0800403c                lcd_text
 .text.lcd_fill
                0x08004084       0x90 obj\debug\src\lcd_api.o
                0x08004084                lcd_fill
 .text.lcd_printf
                0x08004114       0xb8 obj\debug\src\lcd_api.o
                0x08004114                lcd_printf
 .text.lcd_clear
                0x080041cc       0x7c obj\debug\src\lcd_api.o
                0x080041cc                lcd_clear
 .text.lcd_background
                0x08004248       0x20 obj\debug\src\lcd_api.o
                0x08004248                lcd_background
 .text.USART_Configuration
                0x08004268       0xa4 obj\debug\src\main.o
                0x08004268                USART_Configuration
 .text.main     0x0800430c       0xa0 obj\debug\src\main.o
                0x0800430c                main
 .text.prvSetupHardware
                0x080043ac       0xc0 obj\debug\src\main.o
 .text.vApplicationStackOverflowHook
                0x0800446c       0x44 obj\debug\src\main.o
                0x0800446c                vApplicationStackOverflowHook
 .text.menu_run_callback
                0x080044b0       0x74 obj\debug\src\menu.o
 .text.menu_get_selected
                0x08004524       0xfc obj\debug\src\menu.o
 .text.menu_paint_cell
                0x08004620      0x170 obj\debug\src\menu.o
 .text.menu_two_column
                0x08004790      0x120 obj\debug\src\menu.o
 .text.menu_update
                0x080048b0      0x2c4 obj\debug\src\menu.o
 .text.menu_back_after_applet
                0x08004b74       0x78 obj\debug\src\menu.o
 .text.menu_touch
                0x08004bec      0x3ac obj\debug\src\menu.o
                0x08004bec                menu_touch
 .text.menu_clear
                0x08004f98       0x10 obj\debug\src\menu.o
                0x08004f98                menu_clear
 .text          0x08004fa8       0xdc obj\debug\src\startup_stm32f10x_hd.o
                0x08004fa8                Reset_Handler
                0x08005000                Default_Handler
                0x08005002                WWDG_IRQHandler
                0x08005004                PVD_IRQHandler
                0x08005006                TAMPER_IRQHandler
                0x08005008                RTC_IRQHandler
                0x0800500a                FLASH_IRQHandler
                0x0800500c                RCC_IRQHandler
                0x0800500e                EXTI0_IRQHandler
                0x08005010                EXTI1_IRQHandler
                0x08005012                EXTI2_IRQHandler
                0x08005014                EXTI3_IRQHandler
                0x08005016                EXTI4_IRQHandler
                0x08005018                DMA1_Channel1_IRQHandler
                0x0800501a                DMA1_Channel2_IRQHandler
                0x0800501c                DMA1_Channel3_IRQHandler
                0x0800501e                DMA1_Channel4_IRQHandler
                0x08005020                DMA1_Channel5_IRQHandler
                0x08005022                DMA1_Channel6_IRQHandler
                0x08005024                DMA1_Channel7_IRQHandler
                0x08005026                ADC1_2_IRQHandler
                0x08005028                USB_HP_CAN1_TX_IRQHandler
                0x0800502a                USB_LP_CAN1_RX0_IRQHandler
                0x0800502c                CAN1_RX1_IRQHandler
                0x0800502e                CAN1_SCE_IRQHandler
                0x08005032                TIM1_BRK_IRQHandler
                0x08005034                TIM1_UP_IRQHandler
                0x08005036                TIM1_TRG_COM_IRQHandler
                0x08005038                TIM1_CC_IRQHandler
                0x0800503a                TIM2_IRQHandler
                0x0800503c                TIM3_IRQHandler
                0x0800503e                TIM4_IRQHandler
                0x08005040                I2C1_EV_IRQHandler
                0x08005042                I2C1_ER_IRQHandler
                0x08005044                I2C2_EV_IRQHandler
                0x08005046                I2C2_ER_IRQHandler
                0x08005048                SPI1_IRQHandler
                0x0800504a                SPI2_IRQHandler
                0x0800504c                USART1_IRQHandler
                0x0800504e                USART2_IRQHandler
                0x08005050                USART3_IRQHandler
                0x08005052                EXTI15_10_IRQHandler
                0x08005054                RTCAlarm_IRQHandler
                0x08005056                USBWakeUp_IRQHandler
                0x08005058                TIM8_BRK_IRQHandler
                0x0800505a                TIM8_UP_IRQHandler
                0x0800505c                TIM8_TRG_COM_IRQHandler
                0x0800505e                TIM8_CC_IRQHandler
                0x08005060                ADC3_IRQHandler
                0x08005062                FSMC_IRQHandler
                0x08005064                SDIO_IRQHandler
                0x08005066                TIM5_IRQHandler
                0x08005068                SPI3_IRQHandler
                0x0800506a                UART4_IRQHandler
                0x0800506c                UART5_IRQHandler
                0x0800506e                TIM6_IRQHandler
                0x08005070                TIM7_IRQHandler
                0x08005072                DMA2_Channel1_IRQHandler
                0x08005074                DMA2_Channel2_IRQHandler
                0x08005076                DMA2_Channel3_IRQHandler
                0x08005078                DMA2_Channel4_5_IRQHandler
 .text.NMI_Handler
                0x08005084        0xc obj\debug\src\stm32f10x_it.o
                0x08005084                NMI_Handler
 .text.HardFault_Handler
                0x08005090        0x8 obj\debug\src\stm32f10x_it.o
                0x08005090                HardFault_Handler
 .text.MemManage_Handler
                0x08005098        0x8 obj\debug\src\stm32f10x_it.o
                0x08005098                MemManage_Handler
 .text.BusFault_Handler
                0x080050a0        0x8 obj\debug\src\stm32f10x_it.o
                0x080050a0                BusFault_Handler
 .text.UsageFault_Handler
                0x080050a8        0x8 obj\debug\src\stm32f10x_it.o
                0x080050a8                UsageFault_Handler
 .text.DebugMon_Handler
                0x080050b0        0xc obj\debug\src\stm32f10x_it.o
                0x080050b0                DebugMon_Handler
 .text.EXTI9_5_IRQHandler
                0x080050bc       0x10 obj\debug\src\stm32f10x_it.o
                0x080050bc                EXTI9_5_IRQHandler
 .text.SystemInit
                0x080050cc       0xa8 obj\debug\src\system_stm32f10x.o
                0x080050cc                SystemInit
 .text.SetSysClock
                0x08005174        0xc obj\debug\src\system_stm32f10x.o
 .text.SetSysClockTo72
                0x08005180      0x1ac obj\debug\src\system_stm32f10x.o
 .text.SPI_WriteByte
                0x0800532c       0x68 obj\debug\src\touch_test.o
                0x0800532c                SPI_WriteByte
 .text.NVIC_Configuration
                0x08005394       0x30 obj\debug\src\touch_test.o
 .text.EXTI_Configuration
                0x080053c4       0x74 obj\debug\src\touch_test.o
 .text.touch_init
                0x08005438      0x130 obj\debug\src\touch_test.o
                0x08005438                touch_init
 .text.vTouchTask
                0x08005568      0x2e0 obj\debug\src\touch_test.o
                0x08005568                vTouchTask
 .text.exit     0x08005848       0x28 c:/program files (x86)/emblocks/2.30/share/em_armgcc/bin/../lib/gcc/arm-none-eabi/4.7.3/../../../../arm-none-eabi/lib/armv7-m\libc_n.a(lib_a-exit.o)
                0x08005848                exit
 .text.__libc_init_array
                0x08005870       0x4c c:/program files (x86)/emblocks/2.30/share/em_armgcc/bin/../lib/gcc/arm-none-eabi/4.7.3/../../../../arm-none-eabi/lib/armv7-m\libc_n.a(lib_a-init.o)
                0x08005870                __libc_init_array
 .text.memcmp   0x080058bc       0x20 c:/program files (x86)/emblocks/2.30/share/em_armgcc/bin/../lib/gcc/arm-none-eabi/4.7.3/../../../../arm-none-eabi/lib/armv7-m\libc_n.a(lib_a-memcmp.o)
                0x080058bc                memcmp
 .text.memcpy   0x080058dc       0x12 c:/program files (x86)/emblocks/2.30/share/em_armgcc/bin/../lib/gcc/arm-none-eabi/4.7.3/../../../../arm-none-eabi/lib/armv7-m\libc_n.a(lib_a-memcpy-stub.o)
                0x080058dc                memcpy
 .text.memset   0x080058ee       0x10 c:/program files (x86)/emblocks/2.30/share/em_armgcc/bin/../lib/gcc/arm-none-eabi/4.7.3/../../../../arm-none-eabi/lib/armv7-m\libc_n.a(lib_a-memset.o)
                0x080058ee                memset
 *fill*         0x080058fe        0x2 
 .text.printf   0x08005900       0x30 c:/program files (x86)/emblocks/2.30/share/em_armgcc/bin/../lib/gcc/arm-none-eabi/4.7.3/../../../../arm-none-eabi/lib/armv7-m\libc_n.a(lib_a-printf.o)
                0x08005900                iprintf
                0x08005900                printf
 .text._puts_r  0x08005930       0xd8 c:/program files (x86)/emblocks/2.30/share/em_armgcc/bin/../lib/gcc/arm-none-eabi/4.7.3/../../../../arm-none-eabi/lib/armv7-m\libc_n.a(lib_a-puts.o)
                0x08005930                _puts_r
 .text.puts     0x08005a08       0x10 c:/program files (x86)/emblocks/2.30/share/em_armgcc/bin/../lib/gcc/arm-none-eabi/4.7.3/../../../../arm-none-eabi/lib/armv7-m\libc_n.a(lib_a-puts.o)
                0x08005a08                puts
 .text.sprintf  0x08005a18       0x48 c:/program files (x86)/emblocks/2.30/share/em_armgcc/bin/../lib/gcc/arm-none-eabi/4.7.3/../../../../arm-none-eabi/lib/armv7-m\libc_n.a(lib_a-sprintf.o)
                0x08005a18                siprintf
                0x08005a18                sprintf
 .text.strcat   0x08005a60       0x1a c:/program files (x86)/emblocks/2.30/share/em_armgcc/bin/../lib/gcc/arm-none-eabi/4.7.3/../../../../arm-none-eabi/lib/armv7-m\libc_n.a(lib_a-strcat.o)
                0x08005a60                strcat
 .text          0x08005a7a       0x14 c:/program files (x86)/emblocks/2.30/share/em_armgcc/bin/../lib/gcc/arm-none-eabi/4.7.3/../../../../arm-none-eabi/lib/armv7-m\libc_n.a(lib_a-strcmp.o)
                0x08005a7a                strcmp
 .text.strlen   0x08005a8e       0x10 c:/program files (x86)/emblocks/2.30/share/em_armgcc/bin/../lib/gcc/arm-none-eabi/4.7.3/../../../../arm-none-eabi/lib/armv7-m\libc_n.a(lib_a-strlen.o)
                0x08005a8e                strlen
 .text.strncpy  0x08005a9e       0x2e c:/program files (x86)/emblocks/2.30/share/em_armgcc/bin/../lib/gcc/arm-none-eabi/4.7.3/../../../../arm-none-eabi/lib/armv7-m\libc_n.a(lib_a-strncpy.o)
                0x08005a9e                strncpy
 .text.__ssputs_r
                0x08005acc       0xc0 c:/program files (x86)/emblocks/2.30/share/em_armgcc/bin/../lib/gcc/arm-none-eabi/4.7.3/../../../../arm-none-eabi/lib/armv7-m\libc_n.a(lib_a-svfprintf.o)
                0x08005acc                __ssputs_r
 .text._svfprintf_r
                0x08005b8c      0x1f0 c:/program files (x86)/emblocks/2.30/share/em_armgcc/bin/../lib/gcc/arm-none-eabi/4.7.3/../../../../arm-none-eabi/lib/armv7-m\libc_n.a(lib_a-svfprintf.o)
                0x08005b8c                _svfiprintf_r
                0x08005b8c                _svfprintf_r
 .text.__sfputc_r
                0x08005d7c       0x2c c:/program files (x86)/emblocks/2.30/share/em_armgcc/bin/../lib/gcc/arm-none-eabi/4.7.3/../../../../arm-none-eabi/lib/armv7-m\libc_n.a(lib_a-vfprintf.o)
 .text.__sfputs_r
                0x08005da8       0x24 c:/program files (x86)/emblocks/2.30/share/em_armgcc/bin/../lib/gcc/arm-none-eabi/4.7.3/../../../../arm-none-eabi/lib/armv7-m\libc_n.a(lib_a-vfprintf.o)
                0x08005da8                __sfputs_r
 .text._vfprintf_r
                0x08005dcc      0x21c c:/program files (x86)/emblocks/2.30/share/em_armgcc/bin/../lib/gcc/arm-none-eabi/4.7.3/../../../../arm-none-eabi/lib/armv7-m\libc_n.a(lib_a-vfprintf.o)
                0x08005dcc                _vfprintf_r
                0x08005dcc                _vfiprintf_r
 .text._printf_common
                0x08005fe8       0xe4 c:/program files (x86)/emblocks/2.30/share/em_armgcc/bin/../lib/gcc/arm-none-eabi/4.7.3/../../../../arm-none-eabi/lib/armv7-m\libc_n.a(lib_a-vfprintf_i.o)
                0x08005fe8                _printf_common
 .text._printf_i
                0x080060cc      0x24c c:/program files (x86)/emblocks/2.30/share/em_armgcc/bin/../lib/gcc/arm-none-eabi/4.7.3/../../../../arm-none-eabi/lib/armv7-m\libc_n.a(lib_a-vfprintf_i.o)
                0x080060cc                _printf_i
 .text._vsnprintf_r
                0x08006318       0x54 c:/program files (x86)/emblocks/2.30/share/em_armgcc/bin/../lib/gcc/arm-none-eabi/4.7.3/../../../../arm-none-eabi/lib/armv7-m\libc_n.a(lib_a-vsnprintf.o)
                0x08006318                _vsniprintf_r
                0x08006318                _vsnprintf_r
 .text.vsnprintf
                0x0800636c       0x20 c:/program files (x86)/emblocks/2.30/share/em_armgcc/bin/../lib/gcc/arm-none-eabi/4.7.3/../../../../arm-none-eabi/lib/armv7-m\libc_n.a(lib_a-vsnprintf.o)
                0x0800636c                vsniprintf
                0x0800636c                vsnprintf
 .text.__swbuf_r
                0x0800638c       0xac c:/program files (x86)/emblocks/2.30/share/em_armgcc/bin/../lib/gcc/arm-none-eabi/4.7.3/../../../../arm-none-eabi/lib/armv7-m\libc_n.a(lib_a-wbuf.o)
                0x0800638c                __swbuf_r
 .text.__swsetup_r
                0x08006438       0xec c:/program files (x86)/emblocks/2.30/share/em_armgcc/bin/../lib/gcc/arm-none-eabi/4.7.3/../../../../arm-none-eabi/lib/armv7-m\libc_n.a(lib_a-wsetup.o)
                0x08006438                __swsetup_r
 .text.__sflush_r
                0x08006524      0x118 c:/program files (x86)/emblocks/2.30/share/em_armgcc/bin/../lib/gcc/arm-none-eabi/4.7.3/../../../../arm-none-eabi/lib/armv7-m\libc_n.a(lib_a-fflush.o)
                0x08006524                __sflush_r
 .text._fflush_r
                0x0800663c       0x54 c:/program files (x86)/emblocks/2.30/share/em_armgcc/bin/../lib/gcc/arm-none-eabi/4.7.3/../../../../arm-none-eabi/lib/armv7-m\libc_n.a(lib_a-fflush.o)
                0x0800663c                _fflush_r
 .text._cleanup_r
                0x08006690       0x34 c:/program files (x86)/emblocks/2.30/share/em_armgcc/bin/../lib/gcc/arm-none-eabi/4.7.3/../../../../arm-none-eabi/lib/armv7-m\libc_n.a(lib_a-findfp.o)
                0x08006690                _cleanup_r
 .text.std.isra.0
                0x080066c4       0x48 c:/program files (x86)/emblocks/2.30/share/em_armgcc/bin/../lib/gcc/arm-none-eabi/4.7.3/../../../../arm-none-eabi/lib/armv7-m\libc_n.a(lib_a-findfp.o)
 .text.__sfmoreglue
                0x0800670c       0x2c c:/program files (x86)/emblocks/2.30/share/em_armgcc/bin/../lib/gcc/arm-none-eabi/4.7.3/../../../../arm-none-eabi/lib/armv7-m\libc_n.a(lib_a-findfp.o)
                0x0800670c                __sfmoreglue
 .text.__sinit  0x08006738       0x64 c:/program files (x86)/emblocks/2.30/share/em_armgcc/bin/../lib/gcc/arm-none-eabi/4.7.3/../../../../arm-none-eabi/lib/armv7-m\libc_n.a(lib_a-findfp.o)
                0x08006738                __sinit
 .text.__sfp    0x0800679c       0x78 c:/program files (x86)/emblocks/2.30/share/em_armgcc/bin/../lib/gcc/arm-none-eabi/4.7.3/../../../../arm-none-eabi/lib/armv7-m\libc_n.a(lib_a-findfp.o)
                0x0800679c                __sfp
 .text.__smakebuf_r
                0x08006814       0xa8 c:/program files (x86)/emblocks/2.30/share/em_armgcc/bin/../lib/gcc/arm-none-eabi/4.7.3/../../../../arm-none-eabi/lib/armv7-m\libc_n.a(lib_a-makebuf.o)
                0x08006814                __smakebuf_r
 .text.memchr   0x080068bc       0x1c c:/program files (x86)/emblocks/2.30/share/em_armgcc/bin/../lib/gcc/arm-none-eabi/4.7.3/../../../../arm-none-eabi/lib/armv7-m\libc_n.a(lib_a-memchr-stub.o)
                0x080068bc                memchr
 .text.memmove  0x080068d8       0x32 c:/program files (x86)/emblocks/2.30/share/em_armgcc/bin/../lib/gcc/arm-none-eabi/4.7.3/../../../../arm-none-eabi/lib/armv7-m\libc_n.a(lib_a-memmove.o)
                0x080068d8                memmove
 *fill*         0x0800690a        0x2 
 .text._free_r  0x0800690c       0x84 c:/program files (x86)/emblocks/2.30/share/em_armgcc/bin/../lib/gcc/arm-none-eabi/4.7.3/../../../../arm-none-eabi/lib/armv7-m\libc_n.a(lib_a-nano-freer.o)
                0x0800690c                _free_r
 .text._malloc_r
                0x08006990       0xb4 c:/program files (x86)/emblocks/2.30/share/em_armgcc/bin/../lib/gcc/arm-none-eabi/4.7.3/../../../../arm-none-eabi/lib/armv7-m\libc_n.a(lib_a-nano-mallocr.o)
                0x08006990                _malloc_r
 .text._realloc_r
                0x08006a44       0x48 c:/program files (x86)/emblocks/2.30/share/em_armgcc/bin/../lib/gcc/arm-none-eabi/4.7.3/../../../../arm-none-eabi/lib/armv7-m\libc_n.a(lib_a-nano-reallocr.o)
                0x08006a44                _realloc_r
 .text._sbrk_r  0x08006a8c       0x20 c:/program files (x86)/emblocks/2.30/share/em_armgcc/bin/../lib/gcc/arm-none-eabi/4.7.3/../../../../arm-none-eabi/lib/armv7-m\libc_n.a(lib_a-sbrkr.o)
                0x08006a8c                _sbrk_r
 .text.__sread  0x08006aac       0x22 c:/program files (x86)/emblocks/2.30/share/em_armgcc/bin/../lib/gcc/arm-none-eabi/4.7.3/../../../../arm-none-eabi/lib/armv7-m\libc_n.a(lib_a-stdio.o)
                0x08006aac                __sread
 .text.__swrite
                0x08006ace       0x3c c:/program files (x86)/emblocks/2.30/share/em_armgcc/bin/../lib/gcc/arm-none-eabi/4.7.3/../../../../arm-none-eabi/lib/armv7-m\libc_n.a(lib_a-stdio.o)
                0x08006ace                __swrite
 .text.__sseek  0x08006b0a       0x24 c:/program files (x86)/emblocks/2.30/share/em_armgcc/bin/../lib/gcc/arm-none-eabi/4.7.3/../../../../arm-none-eabi/lib/armv7-m\libc_n.a(lib_a-stdio.o)
                0x08006b0a                __sseek
 .text.__sclose
                0x08006b2e        0x8 c:/program files (x86)/emblocks/2.30/share/em_armgcc/bin/../lib/gcc/arm-none-eabi/4.7.3/../../../../arm-none-eabi/lib/armv7-m\libc_n.a(lib_a-stdio.o)
                0x08006b2e                __sclose
 *fill*         0x08006b36        0x2 
 .text._write_r
                0x08006b38       0x24 c:/program files (x86)/emblocks/2.30/share/em_armgcc/bin/../lib/gcc/arm-none-eabi/4.7.3/../../../../arm-none-eabi/lib/armv7-m\libc_n.a(lib_a-writer.o)
                0x08006b38                _write_r
 .text._close_r
                0x08006b5c       0x20 c:/program files (x86)/emblocks/2.30/share/em_armgcc/bin/../lib/gcc/arm-none-eabi/4.7.3/../../../../arm-none-eabi/lib/armv7-m\libc_n.a(lib_a-closer.o)
                0x08006b5c                _close_r
 .text._fstat_r
                0x08006b7c       0x24 c:/program files (x86)/emblocks/2.30/share/em_armgcc/bin/../lib/gcc/arm-none-eabi/4.7.3/../../../../arm-none-eabi/lib/armv7-m\libc_n.a(lib_a-fstatr.o)
                0x08006b7c                _fstat_r
 .text._isatty_r
                0x08006ba0       0x20 c:/program files (x86)/emblocks/2.30/share/em_armgcc/bin/../lib/gcc/arm-none-eabi/4.7.3/../../../../arm-none-eabi/lib/armv7-m\libc_n.a(lib_a-isattyr.o)
                0x08006ba0                _isatty_r
 .text._lseek_r
                0x08006bc0       0x24 c:/program files (x86)/emblocks/2.30/share/em_armgcc/bin/../lib/gcc/arm-none-eabi/4.7.3/../../../../arm-none-eabi/lib/armv7-m\libc_n.a(lib_a-lseekr.o)
                0x08006bc0                _lseek_r
 .text._malloc_usable_size_r
                0x08006be4       0x12 c:/program files (x86)/emblocks/2.30/share/em_armgcc/bin/../lib/gcc/arm-none-eabi/4.7.3/../../../../arm-none-eabi/lib/armv7-m\libc_n.a(lib_a-nano-msizer.o)
                0x08006be4                _malloc_usable_size_r
 *fill*         0x08006bf6        0x2 
 .text._read_r  0x08006bf8       0x24 c:/program files (x86)/emblocks/2.30/share/em_armgcc/bin/../lib/gcc/arm-none-eabi/4.7.3/../../../../arm-none-eabi/lib/armv7-m\libc_n.a(lib_a-readr.o)
                0x08006bf8                _read_r
 .text._close   0x08006c1c       0x14 c:/program files (x86)/emblocks/2.30/share/em_armgcc/bin/../lib/gcc/arm-none-eabi/4.7.3/../../../../arm-none-eabi/lib/armv7-m\libnosys.a(close.o)
                0x08006c1c                _close
 .text._fstat   0x08006c30       0x14 c:/program files (x86)/emblocks/2.30/share/em_armgcc/bin/../lib/gcc/arm-none-eabi/4.7.3/../../../../arm-none-eabi/lib/armv7-m\libnosys.a(fstat.o)
                0x08006c30                _fstat
 .text._isatty  0x08006c44       0x10 c:/program files (x86)/emblocks/2.30/share/em_armgcc/bin/../lib/gcc/arm-none-eabi/4.7.3/../../../../arm-none-eabi/lib/armv7-m\libnosys.a(isatty.o)
                0x08006c44                _isatty
 .text._lseek   0x08006c54       0x14 c:/program files (x86)/emblocks/2.30/share/em_armgcc/bin/../lib/gcc/arm-none-eabi/4.7.3/../../../../arm-none-eabi/lib/armv7-m\libnosys.a(lseek.o)
                0x08006c54                _lseek
 .text._read    0x08006c68       0x14 c:/program files (x86)/emblocks/2.30/share/em_armgcc/bin/../lib/gcc/arm-none-eabi/4.7.3/../../../../arm-none-eabi/lib/armv7-m\libnosys.a(read.o)
                0x08006c68                _read
 .text._sbrk    0x08006c7c       0x34 c:/program files (x86)/emblocks/2.30/share/em_armgcc/bin/../lib/gcc/arm-none-eabi/4.7.3/../../../../arm-none-eabi/lib/armv7-m\libnosys.a(sbrk.o)
                0x08006c7c                _sbrk
 .text._write   0x08006cb0       0x14 c:/program files (x86)/emblocks/2.30/share/em_armgcc/bin/../lib/gcc/arm-none-eabi/4.7.3/../../../../arm-none-eabi/lib/armv7-m\libnosys.a(write.o)
                0x08006cb0                _write
 .text._exit    0x08006cc4        0x4 c:/program files (x86)/emblocks/2.30/share/em_armgcc/bin/../lib/gcc/arm-none-eabi/4.7.3/../../../../arm-none-eabi/lib/armv7-m\libnosys.a(_exit.o)
                0x08006cc4                _exit
 *(.init)
 .init          0x08006cc8        0x4 c:/program files (x86)/emblocks/2.30/share/em_armgcc/bin/../lib/gcc/arm-none-eabi/4.7.3/armv7-m/crti.o
                0x08006cc8                _init
 .init          0x08006ccc        0x8 c:/program files (x86)/emblocks/2.30/share/em_armgcc/bin/../lib/gcc/arm-none-eabi/4.7.3/armv7-m/crtn.o
 *(.fini)
 .fini          0x08006cd4        0x4 c:/program files (x86)/emblocks/2.30/share/em_armgcc/bin/../lib/gcc/arm-none-eabi/4.7.3/armv7-m/crti.o
                0x08006cd4                _fini
 .fini          0x08006cd8        0x8 c:/program files (x86)/emblocks/2.30/share/em_armgcc/bin/../lib/gcc/arm-none-eabi/4.7.3/armv7-m/crtn.o
 *crtbegin.o(.ctors)
 *crtbegin?.o(.ctors)
 *(EXCLUDE_FILE(*crtend.o *crtend?.o) .ctors)
 *(SORT(.ctors.*))
 *(.ctors)
 *crtbegin.o(.dtors)
 *crtbegin?.o(.dtors)
 *(EXCLUDE_FILE(*crtend.o *crtend?.o) .dtors)
 *(SORT(.dtors.*))
 *(.dtors)
 *(.rodata*)
 .rodata.heapSTRUCT_SIZE
                0x08006ce0        0x2 obj\debug\freertos\source\portable\memmang\heap_2.o
 *fill*         0x08006ce2        0x2 
 .rodata.ucExpectedStackBytes.5901
                0x08006ce4       0x14 obj\debug\freertos\source\tasks.o
 .rodata.english
                0x08006cf8      0x5f0 obj\debug\src\english_16x8.o
                0x08006cf8                english
 .rodata        0x080072e8       0xcc obj\debug\src\ili_lcd_general.o
 .rodata        0x080073b4       0x20 obj\debug\src\lcd_api.o
 .rodata        0x080073d4       0x30 obj\debug\src\main.o
 .rodata        0x08007404       0x70 obj\debug\src\menu.o
 .rodata        0x08007474       0x10 obj\debug\src\touch_test.o
 .rodata.str1.1
                0x08007484        0x2 c:/program files (x86)/emblocks/2.30/share/em_armgcc/bin/../lib/gcc/arm-none-eabi/4.7.3/../../../../arm-none-eabi/lib/armv7-m\libc_n.a(lib_a-impure.o)
 *fill*         0x08007486        0x2 
 .rodata._global_impure_ptr
                0x08007488        0x4 c:/program files (x86)/emblocks/2.30/share/em_armgcc/bin/../lib/gcc/arm-none-eabi/4.7.3/../../../../arm-none-eabi/lib/armv7-m\libc_n.a(lib_a-impure.o)
                0x08007488                _global_impure_ptr
 .rodata.str1.1
                0x0800748c       0x11 c:/program files (x86)/emblocks/2.30/share/em_armgcc/bin/../lib/gcc/arm-none-eabi/4.7.3/../../../../arm-none-eabi/lib/armv7-m\libc_n.a(lib_a-svfprintf.o)
 .rodata.str1.1
                0x00000000       0x11 c:/program files (x86)/emblocks/2.30/share/em_armgcc/bin/../lib/gcc/arm-none-eabi/4.7.3/../../../../arm-none-eabi/lib/armv7-m\libc_n.a(lib_a-vfprintf.o)
 .rodata.str1.1
                0x0800749d       0x22 c:/program files (x86)/emblocks/2.30/share/em_armgcc/bin/../lib/gcc/arm-none-eabi/4.7.3/../../../../arm-none-eabi/lib/armv7-m\libc_n.a(lib_a-vfprintf_i.o)
 *fill*         0x080074bf        0x1 
 .rodata.__sf_fake_stdin
                0x080074c0       0x20 c:/program files (x86)/emblocks/2.30/share/em_armgcc/bin/../lib/gcc/arm-none-eabi/4.7.3/../../../../arm-none-eabi/lib/armv7-m\libc_n.a(lib_a-findfp.o)
                0x080074c0                __sf_fake_stdin
 .rodata.__sf_fake_stdout
                0x080074e0       0x20 c:/program files (x86)/emblocks/2.30/share/em_armgcc/bin/../lib/gcc/arm-none-eabi/4.7.3/../../../../arm-none-eabi/lib/armv7-m\libc_n.a(lib_a-findfp.o)
                0x080074e0                __sf_fake_stdout
 .rodata.__sf_fake_stderr
                0x08007500       0x20 c:/program files (x86)/emblocks/2.30/share/em_armgcc/bin/../lib/gcc/arm-none-eabi/4.7.3/../../../../arm-none-eabi/lib/armv7-m\libc_n.a(lib_a-findfp.o)
                0x08007500                __sf_fake_stderr
 *(.eh_frame*)
 .eh_frame      0x08007520        0x0 c:/program files (x86)/emblocks/2.30/share/em_armgcc/bin/../lib/gcc/arm-none-eabi/4.7.3/armv7-m/crtbegin.o
 .eh_frame      0x08007520        0x4 c:/program files (x86)/emblocks/2.30/share/em_armgcc/bin/../lib/gcc/arm-none-eabi/4.7.3/armv7-m/crtend.o

.glue_7         0x08007524        0x0
 .glue_7        0x00000000        0x0 linker stubs

.glue_7t        0x08007524        0x0
 .glue_7t       0x00000000        0x0 linker stubs

.vfp11_veneer   0x08007524        0x0
 .vfp11_veneer  0x00000000        0x0 linker stubs

.v4_bx          0x08007524        0x0
 .v4_bx         0x00000000        0x0 linker stubs

.iplt           0x08007524        0x0
 .iplt          0x00000000        0x0 c:/program files (x86)/emblocks/2.30/share/em_armgcc/bin/../lib/gcc/arm-none-eabi/4.7.3/armv7-m/crtbegin.o

.ARM.extab
 *(.ARM.extab* .gnu.linkonce.armextab.*)
                0x08007524                __exidx_start = .

.ARM.exidx      0x08007524        0x8
 *(.ARM.exidx* .gnu.linkonce.armexidx.*)
 .ARM.exidx     0x08007524        0x8 c:/program files (x86)/emblocks/2.30/share/em_armgcc/bin/../lib/gcc/arm-none-eabi/4.7.3/../../../../arm-none-eabi/lib/armv7-m/crt0.o
                0x0800752c                __exidx_end = .
                0x0800752c                __etext = .

.rel.dyn        0x0800752c        0x0
 .rel.iplt      0x00000000        0x0 c:/program files (x86)/emblocks/2.30/share/em_armgcc/bin/../lib/gcc/arm-none-eabi/4.7.3/armv7-m/crtbegin.o

.data           0x20000000       0x8c load address 0x0800752c
                0x20000000                __data_start__ = .
 *(vtable)
 *(.data*)
 .data.uxCriticalNesting
                0x20000000        0x4 obj\debug\freertos\source\portable\gcc\arm_cm3\port.o
 .data.uxPreviousTask
                0x20000004        0x4 obj\debug\freertos\source\tasks.o
 .data.APBAHBPrescTable
                0x20000008       0x10 obj\debug\spl\src\stm32f10x_rcc.o
 .data.ADCPrescTable
                0x20000018        0x4 obj\debug\spl\src\stm32f10x_rcc.o
 .data.g_item   0x2000001c        0x4 obj\debug\src\menu.o
 .data.impure_data
                0x20000020       0x60 c:/program files (x86)/emblocks/2.30/share/em_armgcc/bin/../lib/gcc/arm-none-eabi/4.7.3/../../../../arm-none-eabi/lib/armv7-m\libc_n.a(lib_a-impure.o)
 .data._impure_ptr
                0x20000080        0x4 c:/program files (x86)/emblocks/2.30/share/em_armgcc/bin/../lib/gcc/arm-none-eabi/4.7.3/../../../../arm-none-eabi/lib/armv7-m\libc_n.a(lib_a-impure.o)
                0x20000080                _impure_ptr
                0x20000084                . = ALIGN (0x4)
                0x20000084                PROVIDE (__preinit_array_start, .)
 *(.preinit_array)
                0x20000084                PROVIDE (__preinit_array_end, .)
                0x20000084                . = ALIGN (0x4)
                0x20000084                PROVIDE (__init_array_start, .)
 *(SORT(.init_array.*))
 *(.init_array)
 .init_array    0x20000084        0x4 c:/program files (x86)/emblocks/2.30/share/em_armgcc/bin/../lib/gcc/arm-none-eabi/4.7.3/armv7-m/crtbegin.o
                0x20000088                PROVIDE (__init_array_end, .)
                0x20000088                . = ALIGN (0x4)
                0x20000088                PROVIDE (__fini_array_start, .)
 *(SORT(.fini_array.*))
 *(.fini_array)
 .fini_array    0x20000088        0x4 c:/program files (x86)/emblocks/2.30/share/em_armgcc/bin/../lib/gcc/arm-none-eabi/4.7.3/armv7-m/crtbegin.o
                0x2000008c                PROVIDE (__fini_array_end, .)
                0x2000008c                . = ALIGN (0x4)
                0x2000008c                __data_end__ = .

.jcr            0x2000008c        0x0 load address 0x080075b8
 .jcr           0x2000008c        0x0 c:/program files (x86)/emblocks/2.30/share/em_armgcc/bin/../lib/gcc/arm-none-eabi/4.7.3/armv7-m/crtbegin.o

.igot.plt       0x2000008c        0x0 load address 0x080075b8
 .igot.plt      0x00000000        0x0 c:/program files (x86)/emblocks/2.30/share/em_armgcc/bin/../lib/gcc/arm-none-eabi/4.7.3/armv7-m/crtbegin.o

.bss            0x20000090     0xc1c0 load address 0x080075c0
                0x20000090                __bss_start__ = .
 *(.bss*)
 .bss           0x20000090       0x1c c:/program files (x86)/emblocks/2.30/share/em_armgcc/bin/../lib/gcc/arm-none-eabi/4.7.3/armv7-m/crtbegin.o
 *fill*         0x200000ac        0x4 
 .bss.xHeap     0x200000b0     0xc000 obj\debug\freertos\source\portable\memmang\heap_2.o
 .bss.xStart    0x2000c0b0        0x8 obj\debug\freertos\source\portable\memmang\heap_2.o
 .bss.xEnd      0x2000c0b8        0x8 obj\debug\freertos\source\portable\memmang\heap_2.o
 .bss.xFreeBytesRemaining
                0x2000c0c0        0x4 obj\debug\freertos\source\portable\memmang\heap_2.o
 .bss.xHeapHasBeenInitialised.4815
                0x2000c0c4        0x4 obj\debug\freertos\source\portable\memmang\heap_2.o
 .bss.pxCurrentTCB
                0x2000c0c8        0x4 obj\debug\freertos\source\tasks.o
                0x2000c0c8                pxCurrentTCB
 .bss.pxReadyTasksLists
                0x2000c0cc       0x64 obj\debug\freertos\source\tasks.o
 .bss.xDelayedTaskList1
                0x2000c130       0x14 obj\debug\freertos\source\tasks.o
 .bss.xDelayedTaskList2
                0x2000c144       0x14 obj\debug\freertos\source\tasks.o
 .bss.pxDelayedTaskList
                0x2000c158        0x4 obj\debug\freertos\source\tasks.o
 .bss.pxOverflowDelayedTaskList
                0x2000c15c        0x4 obj\debug\freertos\source\tasks.o
 .bss.xPendingReadyList
                0x2000c160       0x14 obj\debug\freertos\source\tasks.o
 .bss.xTasksWaitingTermination
                0x2000c174       0x14 obj\debug\freertos\source\tasks.o
 .bss.xSuspendedTaskList
                0x2000c188       0x14 obj\debug\freertos\source\tasks.o
 .bss.uxCurrentNumberOfTasks
                0x2000c19c        0x4 obj\debug\freertos\source\tasks.o
 .bss.xTickCount
                0x2000c1a0        0x4 obj\debug\freertos\source\tasks.o
 .bss.uxTopUsedPriority
                0x2000c1a4        0x4 obj\debug\freertos\source\tasks.o
 .bss.uxTopReadyPriority
                0x2000c1a8        0x4 obj\debug\freertos\source\tasks.o
 .bss.xSchedulerRunning
                0x2000c1ac        0x4 obj\debug\freertos\source\tasks.o
 .bss.uxSchedulerSuspended
                0x2000c1b0        0x4 obj\debug\freertos\source\tasks.o
 .bss.uxMissedTicks
                0x2000c1b4        0x4 obj\debug\freertos\source\tasks.o
 .bss.xMissedYield
                0x2000c1b8        0x4 obj\debug\freertos\source\tasks.o
 .bss.xNumOfOverflows
                0x2000c1bc        0x4 obj\debug\freertos\source\tasks.o
 .bss.uxTaskNumber
                0x2000c1c0        0x4 obj\debug\freertos\source\tasks.o
 .bss.pcTraceBuffer
                0x2000c1c4        0x4 obj\debug\freertos\source\tasks.o
 .bss.pcTraceBufferEnd
                0x2000c1c8        0x4 obj\debug\freertos\source\tasks.o
 .bss.xTracing  0x2000c1cc        0x4 obj\debug\freertos\source\tasks.o
 .bss.deviceid  0x2000c1d0        0x2 obj\debug\src\ili_lcd_general.o
 .bss.bg_col    0x2000c1d2        0x2 obj\debug\src\lcd_api.o
 .bss.lcdUsingTask
                0x2000c1d4        0x4 obj\debug\src\lcd_api.o
 .bss.g_menu    0x2000c1d8       0x28 obj\debug\src\menu.o
 .bss.g_crumbs  0x2000c200        0xc obj\debug\src\menu.o
 .bss.g_index   0x2000c20c        0x1 obj\debug\src\menu.o
 .bss.g_entries
                0x2000c20d        0x1 obj\debug\src\menu.o
 .bss.g_rows    0x2000c20e        0x1 obj\debug\src\menu.o
 *fill*         0x2000c20f        0x1 
 .bss.g_rowh    0x2000c210        0x4 obj\debug\src\menu.o
 .bss.g_menu_applet
                0x2000c214        0x4 obj\debug\src\menu.o
 .bss.menu_touch_y
                0x2000c218        0x4 obj\debug\src\menu.o
 .bss.menu_touch_x
                0x2000c21c        0x4 obj\debug\src\menu.o
 .bss.start_time
                0x2000c220        0x4 obj\debug\src\menu.o
 .bss.__malloc_sbrk_start
                0x2000c224        0x4 c:/program files (x86)/emblocks/2.30/share/em_armgcc/bin/../lib/gcc/arm-none-eabi/4.7.3/../../../../arm-none-eabi/lib/armv7-m\libc_n.a(lib_a-nano-mallocr.o)
                0x2000c224                __malloc_sbrk_start
 .bss.__malloc_free_list
                0x2000c228        0x4 c:/program files (x86)/emblocks/2.30/share/em_armgcc/bin/../lib/gcc/arm-none-eabi/4.7.3/../../../../arm-none-eabi/lib/armv7-m\libc_n.a(lib_a-nano-mallocr.o)
                0x2000c228                __malloc_free_list
 .bss.heap_end.4240
                0x2000c22c        0x4 c:/program files (x86)/emblocks/2.30/share/em_armgcc/bin/../lib/gcc/arm-none-eabi/4.7.3/../../../../arm-none-eabi/lib/armv7-m\libnosys.a(sbrk.o)
 *(COMMON)
 COMMON         0x2000c230        0x4 obj\debug\src\lcd_api.o
                0x2000c230                xLcdSemaphore
 COMMON         0x2000c234       0x18 obj\debug\src\main.o
                0x2000c234                xBeepTaskHandle
                0x2000c238                xAdcTaskHandle
                0x2000c23c                xTouchTaskHandle
                0x2000c240                xTimerSetupHandle
                0x2000c244                xLCDTaskHandle
                0x2000c248                xDS1820Handle
 COMMON         0x2000c24c        0x4 c:/program files (x86)/emblocks/2.30/share/em_armgcc/bin/../lib/gcc/arm-none-eabi/4.7.3/../../../../arm-none-eabi/lib/armv7-m\libc_n.a(lib_a-reent.o)
                0x2000c24c                errno
                0x2000c250                __bss_end__ = .

.heap           0x2000c250        0x0
                0x2000c250                __end__ = .
                0x2000c250                end = __end__
 *(.heap*)
 .heap          0x2000c250        0x0 obj\debug\src\startup_stm32f10x_hd.o
                0x2000c250                __HeapLimit = .

.stack_dummy    0x2000c250      0x100
 *(.stack)
 .stack         0x2000c250      0x100 obj\debug\src\startup_stm32f10x_hd.o
                0x20010000                __StackTop = (ORIGIN (RAM) + 0x10000)
                0x2000ff00                __StackLimit = (__StackTop - SIZEOF (.stack_dummy))
                0x20010000                PROVIDE (__stack, __StackTop)
                0x00000001                ASSERT ((__StackLimit >= __HeapLimit), region RAM overflowed with stack)
LOAD obj\debug\freertos\source\list.o
LOAD obj\debug\freertos\source\portable\gcc\arm_cm3\port.o
LOAD obj\debug\freertos\source\portable\memmang\heap_2.o
LOAD obj\debug\freertos\source\queue.o
LOAD obj\debug\freertos\source\tasks.o
LOAD obj\debug\spl\src\misc.o
LOAD obj\debug\spl\src\stm32f10x_adc.o
LOAD obj\debug\spl\src\stm32f10x_bkp.o
LOAD obj\debug\spl\src\stm32f10x_can.o
LOAD obj\debug\spl\src\stm32f10x_cec.o
LOAD obj\debug\spl\src\stm32f10x_crc.o
LOAD obj\debug\spl\src\stm32f10x_dac.o
LOAD obj\debug\spl\src\stm32f10x_dbgmcu.o
LOAD obj\debug\spl\src\stm32f10x_dma.o
LOAD obj\debug\spl\src\stm32f10x_exti.o
LOAD obj\debug\spl\src\stm32f10x_flash.o
LOAD obj\debug\spl\src\stm32f10x_fsmc.o
LOAD obj\debug\spl\src\stm32f10x_gpio.o
LOAD obj\debug\spl\src\stm32f10x_i2c.o
LOAD obj\debug\spl\src\stm32f10x_iwdg.o
LOAD obj\debug\spl\src\stm32f10x_pwr.o
LOAD obj\debug\spl\src\stm32f10x_rcc.o
LOAD obj\debug\spl\src\stm32f10x_rtc.o
LOAD obj\debug\spl\src\stm32f10x_sdio.o
LOAD obj\debug\spl\src\stm32f10x_spi.o
LOAD obj\debug\spl\src\stm32f10x_tim.o
LOAD obj\debug\spl\src\stm32f10x_usart.o
LOAD obj\debug\spl\src\stm32f10x_wwdg.o
LOAD obj\debug\src\english_16x8.o
LOAD obj\debug\src\fsmc.o
LOAD obj\debug\src\ili_lcd_general.o
LOAD obj\debug\src\lcd_api.o
LOAD obj\debug\src\main.o
LOAD obj\debug\src\menu.o
LOAD obj\debug\src\speaker.o
LOAD obj\debug\src\startup_stm32f10x_hd.o
LOAD obj\debug\src\stm32f10x_it.o
LOAD obj\debug\src\system_stm32f10x.o
LOAD obj\debug\src\touch_test.o
START GROUP
LOAD c:/program files (x86)/emblocks/2.30/share/em_armgcc/bin/../lib/gcc/arm-none-eabi/4.7.3/armv7-m\libgcc.a
LOAD c:/program files (x86)/emblocks/2.30/share/em_armgcc/bin/../lib/gcc/arm-none-eabi/4.7.3/../../../../arm-none-eabi/lib/armv7-m\libc_n.a
LOAD c:/program files (x86)/emblocks/2.30/share/em_armgcc/bin/../lib/gcc/arm-none-eabi/4.7.3/../../../../arm-none-eabi/lib/armv7-m\libg_n.a
LOAD c:/program files (x86)/emblocks/2.30/share/em_armgcc/bin/../lib/gcc/arm-none-eabi/4.7.3/../../../../arm-none-eabi/lib/armv7-m\libnosys.a
END GROUP
LOAD c:/program files (x86)/emblocks/2.30/share/em_armgcc/bin/../lib/gcc/arm-none-eabi/4.7.3/armv7-m/crtend.o
LOAD c:/program files (x86)/emblocks/2.30/share/em_armgcc/bin/../lib/gcc/arm-none-eabi/4.7.3/armv7-m/crtn.o
OUTPUT(bin\Debug\Lcd_touch.elf elf32-littlearm)

.ARM.attributes
                0x00000000       0x29
 .ARM.attributes
                0x00000000       0x1d c:/program files (x86)/emblocks/2.30/share/em_armgcc/bin/../lib/gcc/arm-none-eabi/4.7.3/armv7-m/crti.o
 .ARM.attributes
                0x0000001d       0x2d c:/program files (x86)/emblocks/2.30/share/em_armgcc/bin/../lib/gcc/arm-none-eabi/4.7.3/armv7-m/crtbegin.o
 .ARM.attributes
                0x0000004a       0x1b c:/program files (x86)/emblocks/2.30/share/em_armgcc/bin/../lib/gcc/arm-none-eabi/4.7.3/../../../../arm-none-eabi/lib/armv7-m/crt0.o
 .ARM.attributes
                0x00000065       0x33 obj\debug\freertos\source\list.o
 .ARM.attributes
                0x00000098       0x33 obj\debug\freertos\source\portable\gcc\arm_cm3\port.o
 .ARM.attributes
                0x000000cb       0x33 obj\debug\freertos\source\portable\memmang\heap_2.o
 .ARM.attributes
                0x000000fe       0x33 obj\debug\freertos\source\queue.o
 .ARM.attributes
                0x00000131       0x33 obj\debug\freertos\source\tasks.o
 .ARM.attributes
                0x00000164       0x33 obj\debug\spl\src\misc.o
 .ARM.attributes
                0x00000197       0x33 obj\debug\spl\src\stm32f10x_exti.o
 .ARM.attributes
                0x000001ca       0x33 obj\debug\spl\src\stm32f10x_fsmc.o
 .ARM.attributes
                0x000001fd       0x33 obj\debug\spl\src\stm32f10x_gpio.o
 .ARM.attributes
                0x00000230       0x33 obj\debug\spl\src\stm32f10x_rcc.o
 .ARM.attributes
                0x00000263       0x33 obj\debug\spl\src\stm32f10x_spi.o
 .ARM.attributes
                0x00000296       0x33 obj\debug\spl\src\stm32f10x_usart.o
 .ARM.attributes
                0x000002c9       0x33 obj\debug\src\english_16x8.o
 .ARM.attributes
                0x000002fc       0x33 obj\debug\src\fsmc.o
 .ARM.attributes
                0x0000032f       0x33 obj\debug\src\ili_lcd_general.o
 .ARM.attributes
                0x00000362       0x33 obj\debug\src\lcd_api.o
 .ARM.attributes
                0x00000395       0x33 obj\debug\src\main.o
 .ARM.attributes
                0x000003c8       0x33 obj\debug\src\menu.o
 .ARM.attributes
                0x000003fb       0x1b obj\debug\src\startup_stm32f10x_hd.o
 .ARM.attributes
                0x00000416       0x33 obj\debug\src\stm32f10x_it.o
 .ARM.attributes
                0x00000449       0x33 obj\debug\src\system_stm32f10x.o
 .ARM.attributes
                0x0000047c       0x33 obj\debug\src\touch_test.o
 .ARM.attributes
                0x000004af       0x2d c:/program files (x86)/emblocks/2.30/share/em_armgcc/bin/../lib/gcc/arm-none-eabi/4.7.3/../../../../arm-none-eabi/lib/armv7-m\libc_n.a(lib_a-exit.o)
 .ARM.attributes
                0x000004dc       0x2d c:/program files (x86)/emblocks/2.30/share/em_armgcc/bin/../lib/gcc/arm-none-eabi/4.7.3/../../../../arm-none-eabi/lib/armv7-m\libc_n.a(lib_a-impure.o)
 .ARM.attributes
                0x00000509       0x2d c:/program files (x86)/emblocks/2.30/share/em_armgcc/bin/../lib/gcc/arm-none-eabi/4.7.3/../../../../arm-none-eabi/lib/armv7-m\libc_n.a(lib_a-init.o)
 .ARM.attributes
                0x00000536       0x2d c:/program files (x86)/emblocks/2.30/share/em_armgcc/bin/../lib/gcc/arm-none-eabi/4.7.3/../../../../arm-none-eabi/lib/armv7-m\libc_n.a(lib_a-memcmp.o)
 .ARM.attributes
                0x00000563       0x2d c:/program files (x86)/emblocks/2.30/share/em_armgcc/bin/../lib/gcc/arm-none-eabi/4.7.3/../../../../arm-none-eabi/lib/armv7-m\libc_n.a(lib_a-memcpy-stub.o)
 .ARM.attributes
                0x00000590       0x2d c:/program files (x86)/emblocks/2.30/share/em_armgcc/bin/../lib/gcc/arm-none-eabi/4.7.3/../../../../arm-none-eabi/lib/armv7-m\libc_n.a(lib_a-memset.o)
 .ARM.attributes
                0x000005bd       0x2d c:/program files (x86)/emblocks/2.30/share/em_armgcc/bin/../lib/gcc/arm-none-eabi/4.7.3/../../../../arm-none-eabi/lib/armv7-m\libc_n.a(lib_a-printf.o)
 .ARM.attributes
                0x000005ea       0x2d c:/program files (x86)/emblocks/2.30/share/em_armgcc/bin/../lib/gcc/arm-none-eabi/4.7.3/../../../../arm-none-eabi/lib/armv7-m\libc_n.a(lib_a-puts.o)
 .ARM.attributes
                0x00000617       0x2d c:/program files (x86)/emblocks/2.30/share/em_armgcc/bin/../lib/gcc/arm-none-eabi/4.7.3/../../../../arm-none-eabi/lib/armv7-m\libc_n.a(lib_a-sprintf.o)
 .ARM.attributes
                0x00000644       0x2d c:/program files (x86)/emblocks/2.30/share/em_armgcc/bin/../lib/gcc/arm-none-eabi/4.7.3/../../../../arm-none-eabi/lib/armv7-m\libc_n.a(lib_a-strcat.o)
 .ARM.attributes
                0x00000671       0x1b c:/program files (x86)/emblocks/2.30/share/em_armgcc/bin/../lib/gcc/arm-none-eabi/4.7.3/../../../../arm-none-eabi/lib/armv7-m\libc_n.a(lib_a-strcmp.o)
 .ARM.attributes
                0x0000068c       0x2d c:/program files (x86)/emblocks/2.30/share/em_armgcc/bin/../lib/gcc/arm-none-eabi/4.7.3/../../../../arm-none-eabi/lib/armv7-m\libc_n.a(lib_a-strlen.o)
 .ARM.attributes
                0x000006b9       0x2d c:/program files (x86)/emblocks/2.30/share/em_armgcc/bin/../lib/gcc/arm-none-eabi/4.7.3/../../../../arm-none-eabi/lib/armv7-m\libc_n.a(lib_a-strncpy.o)
 .ARM.attributes
                0x000006e6       0x2d c:/program files (x86)/emblocks/2.30/share/em_armgcc/bin/../lib/gcc/arm-none-eabi/4.7.3/../../../../arm-none-eabi/lib/armv7-m\libc_n.a(lib_a-svfprintf.o)
 .ARM.attributes
                0x00000713       0x2d c:/program files (x86)/emblocks/2.30/share/em_armgcc/bin/../lib/gcc/arm-none-eabi/4.7.3/../../../../arm-none-eabi/lib/armv7-m\libc_n.a(lib_a-vfprintf.o)
 .ARM.attributes
                0x00000740       0x2d c:/program files (x86)/emblocks/2.30/share/em_armgcc/bin/../lib/gcc/arm-none-eabi/4.7.3/../../../../arm-none-eabi/lib/armv7-m\libc_n.a(lib_a-vfprintf_i.o)
 .ARM.attributes
                0x0000076d       0x2d c:/program files (x86)/emblocks/2.30/share/em_armgcc/bin/../lib/gcc/arm-none-eabi/4.7.3/../../../../arm-none-eabi/lib/armv7-m\libc_n.a(lib_a-vsnprintf.o)
 .ARM.attributes
                0x0000079a       0x2d c:/program files (x86)/emblocks/2.30/share/em_armgcc/bin/../lib/gcc/arm-none-eabi/4.7.3/../../../../arm-none-eabi/lib/armv7-m\libc_n.a(lib_a-wbuf.o)
 .ARM.attributes
                0x000007c7       0x2d c:/program files (x86)/emblocks/2.30/share/em_armgcc/bin/../lib/gcc/arm-none-eabi/4.7.3/../../../../arm-none-eabi/lib/armv7-m\libc_n.a(lib_a-wsetup.o)
 .ARM.attributes
                0x000007f4       0x2d c:/program files (x86)/emblocks/2.30/share/em_armgcc/bin/../lib/gcc/arm-none-eabi/4.7.3/../../../../arm-none-eabi/lib/armv7-m\libc_n.a(lib_a-fflush.o)
 .ARM.attributes
                0x00000821       0x2d c:/program files (x86)/emblocks/2.30/share/em_armgcc/bin/../lib/gcc/arm-none-eabi/4.7.3/../../../../arm-none-eabi/lib/armv7-m\libc_n.a(lib_a-findfp.o)
 .ARM.attributes
                0x0000084e       0x2d c:/program files (x86)/emblocks/2.30/share/em_armgcc/bin/../lib/gcc/arm-none-eabi/4.7.3/../../../../arm-none-eabi/lib/armv7-m\libc_n.a(lib_a-makebuf.o)
 .ARM.attributes
                0x0000087b       0x2d c:/program files (x86)/emblocks/2.30/share/em_armgcc/bin/../lib/gcc/arm-none-eabi/4.7.3/../../../../arm-none-eabi/lib/armv7-m\libc_n.a(lib_a-memchr-stub.o)
 .ARM.attributes
                0x000008a8       0x2d c:/program files (x86)/emblocks/2.30/share/em_armgcc/bin/../lib/gcc/arm-none-eabi/4.7.3/../../../../arm-none-eabi/lib/armv7-m\libc_n.a(lib_a-memmove.o)
 .ARM.attributes
                0x000008d5       0x2d c:/program files (x86)/emblocks/2.30/share/em_armgcc/bin/../lib/gcc/arm-none-eabi/4.7.3/../../../../arm-none-eabi/lib/armv7-m\libc_n.a(lib_a-nano-freer.o)
 .ARM.attributes
                0x00000902       0x2d c:/program files (x86)/emblocks/2.30/share/em_armgcc/bin/../lib/gcc/arm-none-eabi/4.7.3/../../../../arm-none-eabi/lib/armv7-m\libc_n.a(lib_a-nano-mallocr.o)
 .ARM.attributes
                0x0000092f       0x2d c:/program files (x86)/emblocks/2.30/share/em_armgcc/bin/../lib/gcc/arm-none-eabi/4.7.3/../../../../arm-none-eabi/lib/armv7-m\libc_n.a(lib_a-nano-reallocr.o)
 .ARM.attributes
                0x0000095c       0x2d c:/program files (x86)/emblocks/2.30/share/em_armgcc/bin/../lib/gcc/arm-none-eabi/4.7.3/../../../../arm-none-eabi/lib/armv7-m\libc_n.a(lib_a-sbrkr.o)
 .ARM.attributes
                0x00000989       0x2d c:/program files (x86)/emblocks/2.30/share/em_armgcc/bin/../lib/gcc/arm-none-eabi/4.7.3/../../../../arm-none-eabi/lib/armv7-m\libc_n.a(lib_a-stdio.o)
 .ARM.attributes
                0x000009b6       0x2d c:/program files (x86)/emblocks/2.30/share/em_armgcc/bin/../lib/gcc/arm-none-eabi/4.7.3/../../../../arm-none-eabi/lib/armv7-m\libc_n.a(lib_a-writer.o)
 .ARM.attributes
                0x000009e3       0x2d c:/program files (x86)/emblocks/2.30/share/em_armgcc/bin/../lib/gcc/arm-none-eabi/4.7.3/../../../../arm-none-eabi/lib/armv7-m\libc_n.a(lib_a-closer.o)
 .ARM.attributes
                0x00000a10       0x2d c:/program files (x86)/emblocks/2.30/share/em_armgcc/bin/../lib/gcc/arm-none-eabi/4.7.3/../../../../arm-none-eabi/lib/armv7-m\libc_n.a(lib_a-fstatr.o)
 .ARM.attributes
                0x00000a3d       0x2d c:/program files (x86)/emblocks/2.30/share/em_armgcc/bin/../lib/gcc/arm-none-eabi/4.7.3/../../../../arm-none-eabi/lib/armv7-m\libc_n.a(lib_a-isattyr.o)
 .ARM.attributes
                0x00000a6a       0x2d c:/program files (x86)/emblocks/2.30/share/em_armgcc/bin/../lib/gcc/arm-none-eabi/4.7.3/../../../../arm-none-eabi/lib/armv7-m\libc_n.a(lib_a-lseekr.o)
 .ARM.attributes
                0x00000a97       0x2d c:/program files (x86)/emblocks/2.30/share/em_armgcc/bin/../lib/gcc/arm-none-eabi/4.7.3/../../../../arm-none-eabi/lib/armv7-m\libc_n.a(lib_a-nano-msizer.o)
 .ARM.attributes
                0x00000ac4       0x2d c:/program files (x86)/emblocks/2.30/share/em_armgcc/bin/../lib/gcc/arm-none-eabi/4.7.3/../../../../arm-none-eabi/lib/armv7-m\libc_n.a(lib_a-readr.o)
 .ARM.attributes
                0x00000af1       0x2d c:/program files (x86)/emblocks/2.30/share/em_armgcc/bin/../lib/gcc/arm-none-eabi/4.7.3/../../../../arm-none-eabi/lib/armv7-m\libc_n.a(lib_a-reent.o)
 .ARM.attributes
                0x00000b1e       0x2d c:/program files (x86)/emblocks/2.30/share/em_armgcc/bin/../lib/gcc/arm-none-eabi/4.7.3/../../../../arm-none-eabi/lib/armv7-m\libnosys.a(close.o)
 .ARM.attributes
                0x00000b4b       0x2d c:/program files (x86)/emblocks/2.30/share/em_armgcc/bin/../lib/gcc/arm-none-eabi/4.7.3/../../../../arm-none-eabi/lib/armv7-m\libnosys.a(fstat.o)
 .ARM.attributes
                0x00000b78       0x2d c:/program files (x86)/emblocks/2.30/share/em_armgcc/bin/../lib/gcc/arm-none-eabi/4.7.3/../../../../arm-none-eabi/lib/armv7-m\libnosys.a(isatty.o)
 .ARM.attributes
                0x00000ba5       0x2d c:/program files (x86)/emblocks/2.30/share/em_armgcc/bin/../lib/gcc/arm-none-eabi/4.7.3/../../../../arm-none-eabi/lib/armv7-m\libnosys.a(lseek.o)
 .ARM.attributes
                0x00000bd2       0x2d c:/program files (x86)/emblocks/2.30/share/em_armgcc/bin/../lib/gcc/arm-none-eabi/4.7.3/../../../../arm-none-eabi/lib/armv7-m\libnosys.a(read.o)
 .ARM.attributes
                0x00000bff       0x2d c:/program files (x86)/emblocks/2.30/share/em_armgcc/bin/../lib/gcc/arm-none-eabi/4.7.3/../../../../arm-none-eabi/lib/armv7-m\libnosys.a(sbrk.o)
 .ARM.attributes
                0x00000c2c       0x2d c:/program files (x86)/emblocks/2.30/share/em_armgcc/bin/../lib/gcc/arm-none-eabi/4.7.3/../../../../arm-none-eabi/lib/armv7-m\libnosys.a(write.o)
 .ARM.attributes
                0x00000c59       0x2d c:/program files (x86)/emblocks/2.30/share/em_armgcc/bin/../lib/gcc/arm-none-eabi/4.7.3/../../../../arm-none-eabi/lib/armv7-m\libnosys.a(_exit.o)
 .ARM.attributes
                0x00000c86       0x2d c:/program files (x86)/emblocks/2.30/share/em_armgcc/bin/../lib/gcc/arm-none-eabi/4.7.3/armv7-m/crtend.o
 .ARM.attributes
                0x00000cb3       0x1d c:/program files (x86)/emblocks/2.30/share/em_armgcc/bin/../lib/gcc/arm-none-eabi/4.7.3/armv7-m/crtn.o

.comment        0x00000000       0x38
 .comment       0x00000000       0x38 obj\debug\freertos\source\list.o
                                 0x39 (size before relaxing)
 .comment       0x00000000       0x39 obj\debug\freertos\source\portable\gcc\arm_cm3\port.o
 .comment       0x00000000       0x39 obj\debug\freertos\source\portable\memmang\heap_2.o
 .comment       0x00000000       0x39 obj\debug\freertos\source\queue.o
 .comment       0x00000000       0x39 obj\debug\freertos\source\tasks.o
 .comment       0x00000000       0x39 obj\debug\spl\src\misc.o
 .comment       0x00000000       0x39 obj\debug\spl\src\stm32f10x_exti.o
 .comment       0x00000000       0x39 obj\debug\spl\src\stm32f10x_fsmc.o
 .comment       0x00000000       0x39 obj\debug\spl\src\stm32f10x_gpio.o
 .comment       0x00000000       0x39 obj\debug\spl\src\stm32f10x_rcc.o
 .comment       0x00000000       0x39 obj\debug\spl\src\stm32f10x_spi.o
 .comment       0x00000000       0x39 obj\debug\spl\src\stm32f10x_usart.o
 .comment       0x00000000       0x39 obj\debug\src\english_16x8.o
 .comment       0x00000000       0x39 obj\debug\src\fsmc.o
 .comment       0x00000000       0x39 obj\debug\src\ili_lcd_general.o
 .comment       0x00000000       0x39 obj\debug\src\lcd_api.o
 .comment       0x00000000       0x39 obj\debug\src\main.o
 .comment       0x00000000       0x39 obj\debug\src\menu.o
 .comment       0x00000000       0x39 obj\debug\src\stm32f10x_it.o
 .comment       0x00000000       0x39 obj\debug\src\system_stm32f10x.o
 .comment       0x00000000       0x39 obj\debug\src\touch_test.o

.debug_info     0x00000000     0x7f89
 .debug_info    0x00000000      0x2ba obj\debug\freertos\source\list.o
 .debug_info    0x000002ba      0x1f2 obj\debug\freertos\source\portable\gcc\arm_cm3\port.o
 .debug_info    0x000004ac      0x2c6 obj\debug\freertos\source\portable\memmang\heap_2.o
 .debug_info    0x00000772      0x7f7 obj\debug\freertos\source\queue.o
 .debug_info    0x00000f69     0x10bd obj\debug\freertos\source\tasks.o
 .debug_info    0x00002026      0x5bb obj\debug\spl\src\misc.o
 .debug_info    0x000025e1      0x38b obj\debug\spl\src\stm32f10x_exti.o
 .debug_info    0x0000296c      0x9d9 obj\debug\spl\src\stm32f10x_fsmc.o
 .debug_info    0x00003345      0x76d obj\debug\spl\src\stm32f10x_gpio.o
 .debug_info    0x00003ab2      0x959 obj\debug\spl\src\stm32f10x_rcc.o
 .debug_info    0x0000440b      0x9c0 obj\debug\spl\src\stm32f10x_spi.o
 .debug_info    0x00004dcb      0xac1 obj\debug\spl\src\stm32f10x_usart.o
 .debug_info    0x0000588c       0x5d obj\debug\src\english_16x8.o
 .debug_info    0x000058e9      0x23c obj\debug\src\fsmc.o
 .debug_info    0x00005b25      0x574 obj\debug\src\ili_lcd_general.o
 .debug_info    0x00006099      0x60c obj\debug\src\lcd_api.o
 .debug_info    0x000066a5      0x547 obj\debug\src\main.o
 .debug_info    0x00006bec      0x46a obj\debug\src\menu.o
 .debug_info    0x00007056       0x5a obj\debug\src\startup_stm32f10x_hd.o
 .debug_info    0x000070b0      0x154 obj\debug\src\stm32f10x_it.o
 .debug_info    0x00007204      0x4ec obj\debug\src\system_stm32f10x.o
 .debug_info    0x000076f0      0x899 obj\debug\src\touch_test.o

.debug_abbrev   0x00000000     0x1c9e
 .debug_abbrev  0x00000000       0xc1 obj\debug\freertos\source\list.o
 .debug_abbrev  0x000000c1      0x137 obj\debug\freertos\source\portable\gcc\arm_cm3\port.o
 .debug_abbrev  0x000001f8      0x16d obj\debug\freertos\source\portable\memmang\heap_2.o
 .debug_abbrev  0x00000365      0x173 obj\debug\freertos\source\queue.o
 .debug_abbrev  0x000004d8      0x212 obj\debug\freertos\source\tasks.o
 .debug_abbrev  0x000006ea      0x12e obj\debug\spl\src\misc.o
 .debug_abbrev  0x00000818      0x158 obj\debug\spl\src\stm32f10x_exti.o
 .debug_abbrev  0x00000970      0x177 obj\debug\spl\src\stm32f10x_fsmc.o
 .debug_abbrev  0x00000ae7      0x1cf obj\debug\spl\src\stm32f10x_gpio.o
 .debug_abbrev  0x00000cb6      0x1c1 obj\debug\spl\src\stm32f10x_rcc.o
 .debug_abbrev  0x00000e77      0x185 obj\debug\spl\src\stm32f10x_spi.o
 .debug_abbrev  0x00000ffc      0x169 obj\debug\spl\src\stm32f10x_usart.o
 .debug_abbrev  0x00001165       0x48 obj\debug\src\english_16x8.o
 .debug_abbrev  0x000011ad       0xf4 obj\debug\src\fsmc.o
 .debug_abbrev  0x000012a1      0x206 obj\debug\src\ili_lcd_general.o
 .debug_abbrev  0x000014a7      0x152 obj\debug\src\lcd_api.o
 .debug_abbrev  0x000015f9      0x1bd obj\debug\src\main.o
 .debug_abbrev  0x000017b6      0x154 obj\debug\src\menu.o
 .debug_abbrev  0x0000190a       0x14 obj\debug\src\startup_stm32f10x_hd.o
 .debug_abbrev  0x0000191e       0x84 obj\debug\src\stm32f10x_it.o
 .debug_abbrev  0x000019a2      0x153 obj\debug\src\system_stm32f10x.o
 .debug_abbrev  0x00001af5      0x1a9 obj\debug\src\touch_test.o

.debug_loc      0x00000000     0x3906
 .debug_loc     0x00000000      0x118 obj\debug\freertos\source\list.o
 .debug_loc     0x00000118      0x178 obj\debug\freertos\source\portable\gcc\arm_cm3\port.o
 .debug_loc     0x00000290       0xc8 obj\debug\freertos\source\portable\memmang\heap_2.o
 .debug_loc     0x00000358      0x3f0 obj\debug\freertos\source\queue.o
 .debug_loc     0x00000748      0x859 obj\debug\freertos\source\tasks.o
 .debug_loc     0x00000fa1      0x118 obj\debug\spl\src\misc.o
 .debug_loc     0x000010b9      0x1b4 obj\debug\spl\src\stm32f10x_exti.o
 .debug_loc     0x0000126d      0x41c obj\debug\spl\src\stm32f10x_fsmc.o
 .debug_loc     0x00001689      0x3e4 obj\debug\spl\src\stm32f10x_gpio.o
 .debug_loc     0x00001a6d      0x6dc obj\debug\spl\src\stm32f10x_rcc.o
 .debug_loc     0x00002149      0x508 obj\debug\spl\src\stm32f10x_spi.o
 .debug_loc     0x00002651      0x658 obj\debug\spl\src\stm32f10x_usart.o
 .debug_loc     0x00002ca9       0x38 obj\debug\src\fsmc.o
 .debug_loc     0x00002ce1      0x346 obj\debug\src\ili_lcd_general.o
 .debug_loc     0x00003027      0x2ce obj\debug\src\lcd_api.o
 .debug_loc     0x000032f5      0x10c obj\debug\src\main.o
 .debug_loc     0x00003401      0x1ef obj\debug\src\menu.o
 .debug_loc     0x000035f0      0x134 obj\debug\src\stm32f10x_it.o
 .debug_loc     0x00003724       0xc8 obj\debug\src\system_stm32f10x.o
 .debug_loc     0x000037ec      0x11a obj\debug\src\touch_test.o

.debug_aranges  0x00000000      0xa90
 .debug_aranges
                0x00000000       0x40 obj\debug\freertos\source\list.o
 .debug_aranges
                0x00000040       0x70 obj\debug\freertos\source\portable\gcc\arm_cm3\port.o
 .debug_aranges
                0x000000b0       0x38 obj\debug\freertos\source\portable\memmang\heap_2.o
 .debug_aranges
                0x000000e8       0xa8 obj\debug\freertos\source\queue.o
 .debug_aranges
                0x00000190      0x150 obj\debug\freertos\source\tasks.o
 .debug_aranges
                0x000002e0       0x40 obj\debug\spl\src\misc.o
 .debug_aranges
                0x00000320       0x58 obj\debug\spl\src\stm32f10x_exti.o
 .debug_aranges
                0x00000378       0xb0 obj\debug\spl\src\stm32f10x_fsmc.o
 .debug_aranges
                0x00000428       0xa8 obj\debug\spl\src\stm32f10x_gpio.o
 .debug_aranges
                0x000004d0      0x118 obj\debug\spl\src\stm32f10x_rcc.o
 .debug_aranges
                0x000005e8       0xd0 obj\debug\spl\src\stm32f10x_spi.o
 .debug_aranges
                0x000006b8      0x100 obj\debug\spl\src\stm32f10x_usart.o
 .debug_aranges
                0x000007b8       0x18 obj\debug\src\english_16x8.o
 .debug_aranges
                0x000007d0       0x20 obj\debug\src\fsmc.o
 .debug_aranges
                0x000007f0       0x98 obj\debug\src\ili_lcd_general.o
 .debug_aranges
                0x00000888       0x80 obj\debug\src\lcd_api.o
 .debug_aranges
                0x00000908       0x40 obj\debug\src\main.o
 .debug_aranges
                0x00000948       0x60 obj\debug\src\menu.o
 .debug_aranges
                0x000009a8       0x20 obj\debug\src\startup_stm32f10x_hd.o
 .debug_aranges
                0x000009c8       0x50 obj\debug\src\stm32f10x_it.o
 .debug_aranges
                0x00000a18       0x38 obj\debug\src\system_stm32f10x.o
 .debug_aranges
                0x00000a50       0x40 obj\debug\src\touch_test.o

.debug_ranges   0x00000000      0x918
 .debug_ranges  0x00000000       0x30 obj\debug\freertos\source\list.o
 .debug_ranges  0x00000030       0x60 obj\debug\freertos\source\portable\gcc\arm_cm3\port.o
 .debug_ranges  0x00000090       0x28 obj\debug\freertos\source\portable\memmang\heap_2.o
 .debug_ranges  0x000000b8       0x98 obj\debug\freertos\source\queue.o
 .debug_ranges  0x00000150      0x140 obj\debug\freertos\source\tasks.o
 .debug_ranges  0x00000290       0x30 obj\debug\spl\src\misc.o
 .debug_ranges  0x000002c0       0x48 obj\debug\spl\src\stm32f10x_exti.o
 .debug_ranges  0x00000308       0xa0 obj\debug\spl\src\stm32f10x_fsmc.o
 .debug_ranges  0x000003a8       0x98 obj\debug\spl\src\stm32f10x_gpio.o
 .debug_ranges  0x00000440      0x108 obj\debug\spl\src\stm32f10x_rcc.o
 .debug_ranges  0x00000548       0xc0 obj\debug\spl\src\stm32f10x_spi.o
 .debug_ranges  0x00000608       0xf0 obj\debug\spl\src\stm32f10x_usart.o
 .debug_ranges  0x000006f8       0x10 obj\debug\src\fsmc.o
 .debug_ranges  0x00000708       0x88 obj\debug\src\ili_lcd_general.o
 .debug_ranges  0x00000790       0x70 obj\debug\src\lcd_api.o
 .debug_ranges  0x00000800       0x30 obj\debug\src\main.o
 .debug_ranges  0x00000830       0x50 obj\debug\src\menu.o
 .debug_ranges  0x00000880       0x40 obj\debug\src\stm32f10x_it.o
 .debug_ranges  0x000008c0       0x28 obj\debug\src\system_stm32f10x.o
 .debug_ranges  0x000008e8       0x30 obj\debug\src\touch_test.o

.debug_macro    0x00000000     0xe4ea
 .debug_macro   0x00000000      0x120 obj\debug\freertos\source\list.o
 .debug_macro   0x00000120      0x814 obj\debug\freertos\source\list.o
 .debug_macro   0x00000934       0x58 obj\debug\freertos\source\list.o
 .debug_macro   0x0000098c       0x16 obj\debug\freertos\source\list.o
 .debug_macro   0x000009a2       0x35 obj\debug\freertos\source\list.o
 .debug_macro   0x000009d7       0xa2 obj\debug\freertos\source\list.o
 .debug_macro   0x00000a79       0x16 obj\debug\freertos\source\list.o
 .debug_macro   0x00000a8f      0x10e obj\debug\freertos\source\list.o
 .debug_macro   0x00000b9d       0x85 obj\debug\freertos\source\list.o
 .debug_macro   0x00000c22       0x4a obj\debug\freertos\source\list.o
 .debug_macro   0x00000c6c       0x52 obj\debug\freertos\source\list.o
 .debug_macro   0x00000cbe       0x16 obj\debug\freertos\source\list.o
 .debug_macro   0x00000cd4       0x43 obj\debug\freertos\source\list.o
 .debug_macro   0x00000d17      0x180 obj\debug\freertos\source\list.o
 .debug_macro   0x00000e97       0x16 obj\debug\freertos\source\list.o
 .debug_macro   0x00000ead       0x29 obj\debug\freertos\source\list.o
 .debug_macro   0x00000ed6       0x46 obj\debug\freertos\source\list.o
 .debug_macro   0x00000f1c       0xb2 obj\debug\freertos\source\list.o
 .debug_macro   0x00000fce       0xa3 obj\debug\freertos\source\list.o
 .debug_macro   0x00001071       0x12 obj\debug\freertos\source\list.o
 .debug_macro   0x00001083       0x1e obj\debug\freertos\source\list.o
 .debug_macro   0x000010a1      0x17e obj\debug\freertos\source\list.o
 .debug_macro   0x0000121f       0x42 obj\debug\freertos\source\list.o
 .debug_macro   0x00001261       0xca obj\debug\freertos\source\portable\gcc\arm_cm3\port.o
 .debug_macro   0x0000132b      0x16c obj\debug\freertos\source\portable\gcc\arm_cm3\port.o
 .debug_macro   0x00001497       0x56 obj\debug\freertos\source\portable\gcc\arm_cm3\port.o
 .debug_macro   0x000014ed      0x14e obj\debug\freertos\source\portable\memmang\heap_2.o
 .debug_macro   0x0000163b      0x1c8 obj\debug\freertos\source\queue.o
 .debug_macro   0x00001803      0x2a6 obj\debug\freertos\source\queue.o
 .debug_macro   0x00001aa9       0x10 obj\debug\freertos\source\queue.o
 .debug_macro   0x00001ab9       0x35 obj\debug\freertos\source\queue.o
 .debug_macro   0x00001aee       0x1f obj\debug\freertos\source\queue.o
 .debug_macro   0x00001b0d       0x49 obj\debug\freertos\source\queue.o
 .debug_macro   0x00001b56      0x21b obj\debug\freertos\source\tasks.o
 .debug_macro   0x00001d71       0x16 obj\debug\freertos\source\tasks.o
 .debug_macro   0x00001d87       0x97 obj\debug\freertos\source\tasks.o
 .debug_macro   0x00001e1e       0x10 obj\debug\freertos\source\tasks.o
 .debug_macro   0x00001e2e       0xf5 obj\debug\freertos\source\tasks.o
 .debug_macro   0x00001f23       0x10 obj\debug\freertos\source\tasks.o
 .debug_macro   0x00001f33       0x22 obj\debug\freertos\source\tasks.o
 .debug_macro   0x00001f55       0xbd obj\debug\freertos\source\tasks.o
 .debug_macro   0x00002012       0x16 obj\debug\freertos\source\tasks.o
 .debug_macro   0x00002028      0x16c obj\debug\freertos\source\tasks.o
 .debug_macro   0x00002194       0x16 obj\debug\freertos\source\tasks.o
 .debug_macro   0x000021aa       0xec obj\debug\spl\src\misc.o
 .debug_macro   0x00002296       0x5d obj\debug\spl\src\misc.o
 .debug_macro   0x000022f3       0x3a obj\debug\spl\src\misc.o
 .debug_macro   0x0000232d       0x44 obj\debug\spl\src\misc.o
 .debug_macro   0x00002371      0x209 obj\debug\spl\src\misc.o
 .debug_macro   0x0000257a       0x18 obj\debug\spl\src\misc.o
 .debug_macro   0x00002592      0xa36 obj\debug\spl\src\misc.o
 .debug_macro   0x00002fc8     0x7f62 obj\debug\spl\src\misc.o
 .debug_macro   0x0000af2a       0x94 obj\debug\spl\src\misc.o
 .debug_macro   0x0000afbe      0x279 obj\debug\spl\src\misc.o
 .debug_macro   0x0000b237      0x2ac obj\debug\spl\src\misc.o
 .debug_macro   0x0000b4e3      0x3e2 obj\debug\spl\src\misc.o
 .debug_macro   0x0000b8c5      0x2c4 obj\debug\spl\src\misc.o
 .debug_macro   0x0000bb89      0x220 obj\debug\spl\src\misc.o
 .debug_macro   0x0000bda9       0x35 obj\debug\spl\src\misc.o
 .debug_macro   0x0000bdde       0x85 obj\debug\spl\src\misc.o
 .debug_macro   0x0000be63       0xec obj\debug\spl\src\stm32f10x_exti.o
 .debug_macro   0x0000bf4f      0x273 obj\debug\spl\src\stm32f10x_exti.o
 .debug_macro   0x0000c1c2      0x116 obj\debug\spl\src\stm32f10x_fsmc.o
 .debug_macro   0x0000c2d8      0x134 obj\debug\spl\src\stm32f10x_gpio.o
 .debug_macro   0x0000c40c      0x2a6 obj\debug\spl\src\stm32f10x_gpio.o
 .debug_macro   0x0000c6b2      0x202 obj\debug\spl\src\stm32f10x_rcc.o
 .debug_macro   0x0000c8b4      0x3dc obj\debug\spl\src\stm32f10x_rcc.o
 .debug_macro   0x0000cc90      0x14c obj\debug\spl\src\stm32f10x_spi.o
 .debug_macro   0x0000cddc      0x2be obj\debug\spl\src\stm32f10x_spi.o
 .debug_macro   0x0000d09a      0x19a obj\debug\spl\src\stm32f10x_usart.o
 .debug_macro   0x0000d234      0x21a obj\debug\spl\src\stm32f10x_usart.o
 .debug_macro   0x0000d44e       0x11 obj\debug\src\english_16x8.o
 .debug_macro   0x0000d45f       0xdc obj\debug\src\fsmc.o
 .debug_macro   0x0000d53b      0x1bf obj\debug\src\ili_lcd_general.o
 .debug_macro   0x0000d6fa       0x6a obj\debug\src\ili_lcd_general.o
 .debug_macro   0x0000d764      0x1a1 obj\debug\src\lcd_api.o
 .debug_macro   0x0000d905      0x20f obj\debug\src\lcd_api.o
 .debug_macro   0x0000db14       0x52 obj\debug\src\lcd_api.o
 .debug_macro   0x0000db66       0x6a obj\debug\src\lcd_api.o
 .debug_macro   0x0000dbd0       0x1c obj\debug\src\lcd_api.o
 .debug_macro   0x0000dbec       0x62 obj\debug\src\lcd_api.o
 .debug_macro   0x0000dc4e      0x23b obj\debug\src\main.o
 .debug_macro   0x0000de89       0x1c obj\debug\src\main.o
 .debug_macro   0x0000dea5       0x16 obj\debug\src\main.o
 .debug_macro   0x0000debb      0x213 obj\debug\src\menu.o
 .debug_macro   0x0000e0ce       0x1c obj\debug\src\menu.o
 .debug_macro   0x0000e0ea       0xdc obj\debug\src\stm32f10x_it.o
 .debug_macro   0x0000e1c6       0xe9 obj\debug\src\system_stm32f10x.o
 .debug_macro   0x0000e2af      0x23b obj\debug\src\touch_test.o

.debug_line     0x00000000     0x6af1
 .debug_line    0x00000000      0x3f7 obj\debug\freertos\source\list.o
 .debug_line    0x000003f7      0x251 obj\debug\freertos\source\portable\gcc\arm_cm3\port.o
 .debug_line    0x00000648      0x439 obj\debug\freertos\source\portable\memmang\heap_2.o
 .debug_line    0x00000a81      0x685 obj\debug\freertos\source\queue.o
 .debug_line    0x00001106      0xb1d obj\debug\freertos\source\tasks.o
 .debug_line    0x00001c23      0x3b2 obj\debug\spl\src\misc.o
 .debug_line    0x00001fd5      0x408 obj\debug\spl\src\stm32f10x_exti.o
 .debug_line    0x000023dd      0x5b9 obj\debug\spl\src\stm32f10x_fsmc.o
 .debug_line    0x00002996      0x513 obj\debug\spl\src\stm32f10x_gpio.o
 .debug_line    0x00002ea9      0x622 obj\debug\spl\src\stm32f10x_rcc.o
 .debug_line    0x000034cb      0x574 obj\debug\spl\src\stm32f10x_spi.o
 .debug_line    0x00003a3f      0x5eb obj\debug\spl\src\stm32f10x_usart.o
 .debug_line    0x0000402a       0x33 obj\debug\src\english_16x8.o
 .debug_line    0x0000405d      0x36d obj\debug\src\fsmc.o
 .debug_line    0x000043ca      0x6e6 obj\debug\src\ili_lcd_general.o
 .debug_line    0x00004ab0      0x5cc obj\debug\src\lcd_api.o
 .debug_line    0x0000507c      0x5a4 obj\debug\src\main.o
 .debug_line    0x00005620      0x66e obj\debug\src\menu.o
 .debug_line    0x00005c8e       0xb9 obj\debug\src\startup_stm32f10x_hd.o
 .debug_line    0x00005d47      0x3d0 obj\debug\src\stm32f10x_it.o
 .debug_line    0x00006117      0x3f7 obj\debug\src\system_stm32f10x.o
 .debug_line    0x0000650e      0x5e3 obj\debug\src\touch_test.o

.debug_str      0x00000000    0x46c62
 .debug_str     0x00000000     0x4fb6 obj\debug\freertos\source\list.o
                               0x50cb (size before relaxing)
 .debug_str     0x00004fb6      0x6f1 obj\debug\freertos\source\portable\gcc\arm_cm3\port.o
                               0x410d (size before relaxing)
 .debug_str     0x000056a7      0x4d9 obj\debug\freertos\source\portable\memmang\heap_2.o
                               0x579d (size before relaxing)
 .debug_str     0x00005b80     0x1a7a obj\debug\freertos\source\queue.o
                               0x6e53 (size before relaxing)
 .debug_str     0x000075fa     0x1d2c obj\debug\freertos\source\tasks.o
                               0x80c1 (size before relaxing)
 .debug_str     0x00009326    0x3968f obj\debug\spl\src\misc.o
                              0x3bb83 (size before relaxing)
 .debug_str     0x000429b5      0x1d5 obj\debug\spl\src\stm32f10x_exti.o
                              0x3bb06 (size before relaxing)
 .debug_str     0x00042b8a      0x6ea obj\debug\spl\src\stm32f10x_fsmc.o
                              0x3c04a (size before relaxing)
 .debug_str     0x00043274      0x59b obj\debug\spl\src\stm32f10x_gpio.o
                              0x3bef5 (size before relaxing)
 .debug_str     0x0004380f      0xb4a obj\debug\spl\src\stm32f10x_rcc.o
                              0x3c4db (size before relaxing)
 .debug_str     0x00044359      0x5cc obj\debug\spl\src\stm32f10x_spi.o
                              0x3bff5 (size before relaxing)
 .debug_str     0x00044925      0x7d9 obj\debug\spl\src\stm32f10x_usart.o
                              0x3c205 (size before relaxing)
 .debug_str     0x000450fe       0x13 obj\debug\src\english_16x8.o
                               0x2230 (size before relaxing)
 .debug_str     0x00045111       0x28 obj\debug\src\fsmc.o
                              0x3ba60 (size before relaxing)
 .debug_str     0x00045139      0x2be obj\debug\src\ili_lcd_general.o
                              0x3dee1 (size before relaxing)
 .debug_str     0x000453f7      0xeba obj\debug\src\lcd_api.o
                               0x767f (size before relaxing)
 .debug_str     0x000462b1      0x1c0 obj\debug\src\main.o
                              0x3fdeb (size before relaxing)
 .debug_str     0x00046471      0x18e obj\debug\src\menu.o
                               0x7ff0 (size before relaxing)
 .debug_str     0x000465ff       0x8b obj\debug\src\stm32f10x_it.o
                              0x3b983 (size before relaxing)
 .debug_str     0x0004668a       0xb7 obj\debug\src\system_stm32f10x.o
                              0x3bab6 (size before relaxing)
 .debug_str     0x00046741      0x521 obj\debug\src\touch_test.o
                              0x401ae (size before relaxing)

.debug_frame    0x00000000     0x2a00
 .debug_frame   0x00000000       0x9c obj\debug\freertos\source\list.o
 .debug_frame   0x0000009c      0x110 obj\debug\freertos\source\portable\gcc\arm_cm3\port.o
 .debug_frame   0x000001ac       0x80 obj\debug\freertos\source\portable\memmang\heap_2.o
 .debug_frame   0x0000022c      0x244 obj\debug\freertos\source\queue.o
 .debug_frame   0x00000470      0x4c8 obj\debug\freertos\source\tasks.o
 .debug_frame   0x00000938       0x9c obj\debug\spl\src\misc.o
 .debug_frame   0x000009d4       0xec obj\debug\spl\src\stm32f10x_exti.o
 .debug_frame   0x00000ac0      0x220 obj\debug\spl\src\stm32f10x_fsmc.o
 .debug_frame   0x00000ce0      0x210 obj\debug\spl\src\stm32f10x_gpio.o
 .debug_frame   0x00000ef0      0x388 obj\debug\spl\src\stm32f10x_rcc.o
 .debug_frame   0x00001278      0x29c obj\debug\spl\src\stm32f10x_spi.o
 .debug_frame   0x00001514      0x344 obj\debug\spl\src\stm32f10x_usart.o
 .debug_frame   0x00001858       0x30 obj\debug\src\fsmc.o
 .debug_frame   0x00001888      0x1e4 obj\debug\src\ili_lcd_general.o
 .debug_frame   0x00001a6c      0x1a8 obj\debug\src\lcd_api.o
 .debug_frame   0x00001c14       0xac obj\debug\src\main.o
 .debug_frame   0x00001cc0      0x128 obj\debug\src\menu.o
 .debug_frame   0x00001de8       0xbc obj\debug\src\stm32f10x_it.o
 .debug_frame   0x00001ea4       0x80 obj\debug\src\system_stm32f10x.o
 .debug_frame   0x00001f24       0xb0 obj\debug\src\touch_test.o
 .debug_frame   0x00001fd4       0x28 c:/program files (x86)/emblocks/2.30/share/em_armgcc/bin/../lib/gcc/arm-none-eabi/4.7.3/../../../../arm-none-eabi/lib/armv7-m\libc_n.a(lib_a-exit.o)
 .debug_frame   0x00001ffc       0x2c c:/program files (x86)/emblocks/2.30/share/em_armgcc/bin/../lib/gcc/arm-none-eabi/4.7.3/../../../../arm-none-eabi/lib/armv7-m\libc_n.a(lib_a-init.o)
 .debug_frame   0x00002028       0x2c c:/program files (x86)/emblocks/2.30/share/em_armgcc/bin/../lib/gcc/arm-none-eabi/4.7.3/../../../../arm-none-eabi/lib/armv7-m\libc_n.a(lib_a-memcmp.o)
 .debug_frame   0x00002054       0x28 c:/program files (x86)/emblocks/2.30/share/em_armgcc/bin/../lib/gcc/arm-none-eabi/4.7.3/../../../../arm-none-eabi/lib/armv7-m\libc_n.a(lib_a-memcpy-stub.o)
 .debug_frame   0x0000207c       0x20 c:/program files (x86)/emblocks/2.30/share/em_armgcc/bin/../lib/gcc/arm-none-eabi/4.7.3/../../../../arm-none-eabi/lib/armv7-m\libc_n.a(lib_a-memset.o)
 .debug_frame   0x0000209c       0x60 c:/program files (x86)/emblocks/2.30/share/em_armgcc/bin/../lib/gcc/arm-none-eabi/4.7.3/../../../../arm-none-eabi/lib/armv7-m\libc_n.a(lib_a-printf.o)
 .debug_frame   0x000020fc       0x3c c:/program files (x86)/emblocks/2.30/share/em_armgcc/bin/../lib/gcc/arm-none-eabi/4.7.3/../../../../arm-none-eabi/lib/armv7-m\libc_n.a(lib_a-puts.o)
 .debug_frame   0x00002138       0x58 c:/program files (x86)/emblocks/2.30/share/em_armgcc/bin/../lib/gcc/arm-none-eabi/4.7.3/../../../../arm-none-eabi/lib/armv7-m\libc_n.a(lib_a-sprintf.o)
 .debug_frame   0x00002190       0x28 c:/program files (x86)/emblocks/2.30/share/em_armgcc/bin/../lib/gcc/arm-none-eabi/4.7.3/../../../../arm-none-eabi/lib/armv7-m\libc_n.a(lib_a-strcat.o)
 .debug_frame   0x000021b8       0x20 c:/program files (x86)/emblocks/2.30/share/em_armgcc/bin/../lib/gcc/arm-none-eabi/4.7.3/../../../../arm-none-eabi/lib/armv7-m\libc_n.a(lib_a-strlen.o)
 .debug_frame   0x000021d8       0x2c c:/program files (x86)/emblocks/2.30/share/em_armgcc/bin/../lib/gcc/arm-none-eabi/4.7.3/../../../../arm-none-eabi/lib/armv7-m\libc_n.a(lib_a-strncpy.o)
 .debug_frame   0x00002204       0x8c c:/program files (x86)/emblocks/2.30/share/em_armgcc/bin/../lib/gcc/arm-none-eabi/4.7.3/../../../../arm-none-eabi/lib/armv7-m\libc_n.a(lib_a-svfprintf.o)
 .debug_frame   0x00002290       0xac c:/program files (x86)/emblocks/2.30/share/em_armgcc/bin/../lib/gcc/arm-none-eabi/4.7.3/../../../../arm-none-eabi/lib/armv7-m\libc_n.a(lib_a-vfprintf.o)
 .debug_frame   0x0000233c       0x60 c:/program files (x86)/emblocks/2.30/share/em_armgcc/bin/../lib/gcc/arm-none-eabi/4.7.3/../../../../arm-none-eabi/lib/armv7-m\libc_n.a(lib_a-vfprintf_i.o)
 .debug_frame   0x0000239c       0x4c c:/program files (x86)/emblocks/2.30/share/em_armgcc/bin/../lib/gcc/arm-none-eabi/4.7.3/../../../../arm-none-eabi/lib/armv7-m\libc_n.a(lib_a-vsnprintf.o)
 .debug_frame   0x000023e8       0x3c c:/program files (x86)/emblocks/2.30/share/em_armgcc/bin/../lib/gcc/arm-none-eabi/4.7.3/../../../../arm-none-eabi/lib/armv7-m\libc_n.a(lib_a-wbuf.o)
 .debug_frame   0x00002424       0x2c c:/program files (x86)/emblocks/2.30/share/em_armgcc/bin/../lib/gcc/arm-none-eabi/4.7.3/../../../../arm-none-eabi/lib/armv7-m\libc_n.a(lib_a-wsetup.o)
 .debug_frame   0x00002450       0x5c c:/program files (x86)/emblocks/2.30/share/em_armgcc/bin/../lib/gcc/arm-none-eabi/4.7.3/../../../../arm-none-eabi/lib/armv7-m\libc_n.a(lib_a-fflush.o)
 .debug_frame   0x000024ac      0x12c c:/program files (x86)/emblocks/2.30/share/em_armgcc/bin/../lib/gcc/arm-none-eabi/4.7.3/../../../../arm-none-eabi/lib/armv7-m\libc_n.a(lib_a-findfp.o)
 .debug_frame   0x000025d8       0x30 c:/program files (x86)/emblocks/2.30/share/em_armgcc/bin/../lib/gcc/arm-none-eabi/4.7.3/../../../../arm-none-eabi/lib/armv7-m\libc_n.a(lib_a-makebuf.o)
 .debug_frame   0x00002608       0x28 c:/program files (x86)/emblocks/2.30/share/em_armgcc/bin/../lib/gcc/arm-none-eabi/4.7.3/../../../../arm-none-eabi/lib/armv7-m\libc_n.a(lib_a-memchr-stub.o)
 .debug_frame   0x00002630       0x28 c:/program files (x86)/emblocks/2.30/share/em_armgcc/bin/../lib/gcc/arm-none-eabi/4.7.3/../../../../arm-none-eabi/lib/armv7-m\libc_n.a(lib_a-memmove.o)
 .debug_frame   0x00002658       0x2c c:/program files (x86)/emblocks/2.30/share/em_armgcc/bin/../lib/gcc/arm-none-eabi/4.7.3/../../../../arm-none-eabi/lib/armv7-m\libc_n.a(lib_a-nano-freer.o)
 .debug_frame   0x00002684       0x30 c:/program files (x86)/emblocks/2.30/share/em_armgcc/bin/../lib/gcc/arm-none-eabi/4.7.3/../../../../arm-none-eabi/lib/armv7-m\libc_n.a(lib_a-nano-mallocr.o)
 .debug_frame   0x000026b4       0x30 c:/program files (x86)/emblocks/2.30/share/em_armgcc/bin/../lib/gcc/arm-none-eabi/4.7.3/../../../../arm-none-eabi/lib/armv7-m\libc_n.a(lib_a-nano-reallocr.o)
 .debug_frame   0x000026e4       0x2c c:/program files (x86)/emblocks/2.30/share/em_armgcc/bin/../lib/gcc/arm-none-eabi/4.7.3/../../../../arm-none-eabi/lib/armv7-m\libc_n.a(lib_a-sbrkr.o)
 .debug_frame   0x00002710       0x80 c:/program files (x86)/emblocks/2.30/share/em_armgcc/bin/../lib/gcc/arm-none-eabi/4.7.3/../../../../arm-none-eabi/lib/armv7-m\libc_n.a(lib_a-stdio.o)
 .debug_frame   0x00002790       0x2c c:/program files (x86)/emblocks/2.30/share/em_armgcc/bin/../lib/gcc/arm-none-eabi/4.7.3/../../../../arm-none-eabi/lib/armv7-m\libc_n.a(lib_a-writer.o)
 .debug_frame   0x000027bc       0x2c c:/program files (x86)/emblocks/2.30/share/em_armgcc/bin/../lib/gcc/arm-none-eabi/4.7.3/../../../../arm-none-eabi/lib/armv7-m\libc_n.a(lib_a-closer.o)
 .debug_frame   0x000027e8       0x2c c:/program files (x86)/emblocks/2.30/share/em_armgcc/bin/../lib/gcc/arm-none-eabi/4.7.3/../../../../arm-none-eabi/lib/armv7-m\libc_n.a(lib_a-fstatr.o)
 .debug_frame   0x00002814       0x2c c:/program files (x86)/emblocks/2.30/share/em_armgcc/bin/../lib/gcc/arm-none-eabi/4.7.3/../../../../arm-none-eabi/lib/armv7-m\libc_n.a(lib_a-isattyr.o)
 .debug_frame   0x00002840       0x2c c:/program files (x86)/emblocks/2.30/share/em_armgcc/bin/../lib/gcc/arm-none-eabi/4.7.3/../../../../arm-none-eabi/lib/armv7-m\libc_n.a(lib_a-lseekr.o)
 .debug_frame   0x0000286c       0x20 c:/program files (x86)/emblocks/2.30/share/em_armgcc/bin/../lib/gcc/arm-none-eabi/4.7.3/../../../../arm-none-eabi/lib/armv7-m\libc_n.a(lib_a-nano-msizer.o)
 .debug_frame   0x0000288c       0x2c c:/program files (x86)/emblocks/2.30/share/em_armgcc/bin/../lib/gcc/arm-none-eabi/4.7.3/../../../../arm-none-eabi/lib/armv7-m\libc_n.a(lib_a-readr.o)
 .debug_frame   0x000028b8       0x48 c:/program files (x86)/emblocks/2.30/share/em_armgcc/bin/../lib/gcc/arm-none-eabi/4.7.3/../../../../arm-none-eabi/lib/armv7-m\libc_n.a(lib_a-reent.o)